2026-09-08 12:22:26,755-INFO-Page 1: Scraped A Light in the Attic
2026-09-08 12:22:26,756-INFO-Page 1: Scraped Tipping the Velvet
2026-09-08 12:22:26,757-INFO-Page 1: Scraped Soumission
2026-09-08 12:22:26,758-INFO-Page 1: Scraped Sharp Objects
2026-09-08 12:22:26,758-INFO-Page 1: Scraped Sapiens: A Brief History of Humankind
2026-09-08 12:22:26,759-INFO-Page 1: Scraped The Requiem Red
2026-09-08 12:22:26,760-INFO-Page 1: Scraped The Dirty Little Secrets of Getting Your Dream Job
2026-09-08 12:22:26,760-INFO-Page 1: Scraped The Coming Woman: A Novel Based on the Life of the Infamous Feminist, Victoria Woodhull
2026-09-08 12:22:26,760-INFO-Page 1: Scraped The Boys in the Boat: Nine Americans and Their Epic Quest for Gold at the 1936 Berlin Olympics
2026-09-08 12:22:26,761-INFO-Page 1: Scraped The Black Maria
2026-09-08 12:22:26,761-INFO-Page 1: Scraped Starving Hearts (Triangular Trade Trilogy, #1)
2026-09-08 12:22:26,762-INFO-Page 1: Scraped Shakespeare's Sonnets
2026-09-08 12:22:26,762-INFO-Page 1: Scraped Set Me Free
2026-09-08 12:22:26,762-INFO-Page 1: Scraped Scott Pilgrim's Precious Little Life (Scott Pilgrim #1)
2026-09-08 12:22:26,762-INFO-Page 1: Scraped Rip it Up and Start Again
2026-09-08 12:22:26,763-INFO-Page 1: Scraped Our Band Could Be Your Life: Scenes from the American Indie Underground, 1981-1991
2026-09-08 12:22:26,763-INFO-Page 1: Scraped Olio
2026-09-08 12:22:26,764-INFO-Page 1: Scraped Mesaerion: The Best Science Fiction Stories 1800-1849
2026-09-08 12:22:26,764-INFO-Page 1: Scraped Libertarianism for Beginners
2026-09-08 12:22:26,764-INFO-Page 1: Scraped It's Only the Himalayas
2026-09-08 12:22:27,804-INFO-Page 2: Scraped In Her Wake
2026-09-08 12:22:27,805-INFO-Page 2: Scraped How Music Works
2026-09-08 12:22:27,805-INFO-Page 2: Scraped Foolproof Preserving: A Guide to Small Batch Jams, Jellies, Pickles, Condiments, and More: A Foolproof Guide to Making Small Batch Jams, Jellies, Pickles, Condiments, and More
2026-09-08 12:22:27,805-INFO-Page 2: Scraped Chase Me (Paris Nights #2)
2026-09-08 12:22:27,806-INFO-Page 2: Scraped Black Dust
2026-09-08 12:22:27,806-INFO-Page 2: Scraped Birdsong: A Story in Pictures
2026-09-08 12:22:27,807-INFO-Page 2: Scraped America's Cradle of Quarterbacks: Western Pennsylvania's Football Factory from Johnny Unitas to Joe Montana
2026-09-08 12:22:27,807-INFO-Page 2: Scraped Aladdin and His Wonderful Lamp
2026-09-08 12:22:27,807-INFO-Page 2: Scraped Worlds Elsewhere: Journeys Around Shakespeare‚\x80\x99s Globe
2026-09-08 12:22:27,817-INFO-Page 2: Scraped Wall and Piece
2026-09-08 12:22:27,818-INFO-Page 2: Scraped The Four Agreements: A Practical Guide to Personal Freedom
2026-09-08 12:22:27,818-INFO-Page 2: Scraped The Five Love Languages: How to Express Heartfelt Commitment to Your Mate
2026-09-08 12:22:27,818-INFO-Page 2: Scraped The Elephant Tree
2026-09-08 12:22:27,819-INFO-Page 2: Scraped The Bear and the Piano
2026-09-08 12:22:27,819-INFO-Page 2: Scraped Sophie's World
2026-09-08 12:22:27,819-INFO-Page 2: Scraped Penny Maybe
2026-09-08 12:22:27,820-INFO-Page 2: Scraped Maude (1883-1993):She Grew Up with the country
2026-09-08 12:22:27,820-INFO-Page 2: Scraped In a Dark, Dark Wood
2026-09-08 12:22:27,820-INFO-Page 2: Scraped Behind Closed Doors
2026-09-08 12:22:27,821-INFO-Page 2: Scraped You can't bury them all: Poems
2026-09-08 12:22:28,680-INFO-Page 3: Scraped Slow States of Collapse: Poems
2026-09-08 12:22:28,681-INFO-Page 3: Scraped Reasons to Stay Alive
2026-09-08 12:22:28,681-INFO-Page 3: Scraped Private Paris (Private #10)
2026-09-08 12:22:28,681-INFO-Page 3: Scraped #HigherSelfie: Wake Up Your Life. Free Your Soul. Find Your Tribe.
2026-09-08 12:22:28,682-INFO-Page 3: Scraped Without Borders (Wanderlove #1)
2026-09-08 12:22:28,682-INFO-Page 3: Scraped When We Collided
2026-09-08 12:22:28,682-INFO-Page 3: Scraped We Love You, Charlie Freeman
2026-09-08 12:22:28,682-INFO-Page 3: Scraped Untitled Collection: Sabbath Poems 2014
2026-09-08 12:22:28,683-INFO-Page 3: Scraped Unseen City: The Majesty of Pigeons, the Discreet Charm of Snails & Other Wonders of the Urban Wilderness
2026-09-08 12:22:28,683-INFO-Page 3: Scraped Unicorn Tracks
2026-09-08 12:22:28,683-INFO-Page 3: Scraped Unbound: How Eight Technologies Made Us Human, Transformed Society, and Brought Our World to the Brink
2026-09-08 12:22:28,683-INFO-Page 3: Scraped Tsubasa: WoRLD CHRoNiCLE 2 (Tsubasa WoRLD CHRoNiCLE #2)
2026-09-08 12:22:28,683-INFO-Page 3: Scraped Throwing Rocks at the Google Bus: How Growth Became the Enemy of Prosperity
2026-09-08 12:22:28,684-INFO-Page 3: Scraped This One Summer
2026-09-08 12:22:28,684-INFO-Page 3: Scraped Thirst
2026-09-08 12:22:28,684-INFO-Page 3: Scraped The Torch Is Passed: A Harding Family Story
2026-09-08 12:22:28,684-INFO-Page 3: Scraped The Secret of Dreadwillow Carse
2026-09-08 12:22:28,684-INFO-Page 3: Scraped The Pioneer Woman Cooks: Dinnertime: Comfort Classics, Freezer Food, 16-Minute Meals, and Other Delicious Ways to Solve Supper!
2026-09-08 12:22:28,685-INFO-Page 3: Scraped The Past Never Ends
2026-09-08 12:22:28,685-INFO-Page 3: Scraped The Natural History of Us (The Fine Art of Pretending #2)
2026-09-08 12:22:29,612-INFO-Page 4: Scraped The Nameless City (The Nameless City #1)
2026-09-08 12:22:29,612-INFO-Page 4: Scraped The Murder That Never Was (Forensic Instincts #5)
2026-09-08 12:22:29,613-INFO-Page 4: Scraped The Most Perfect Thing: Inside (and Outside) a Bird's Egg
2026-09-08 12:22:29,613-INFO-Page 4: Scraped The Mindfulness and Acceptance Workbook for Anxiety: A Guide to Breaking Free from Anxiety, Phobias, and Worry Using Acceptance and Commitment Therapy
2026-09-08 12:22:29,613-INFO-Page 4: Scraped The Life-Changing Magic of Tidying Up: The Japanese Art of Decluttering and Organizing
2026-09-08 12:22:29,614-INFO-Page 4: Scraped The Inefficiency Assassin: Time Management Tactics for Working Smarter, Not Longer
2026-09-08 12:22:29,614-INFO-Page 4: Scraped The Gutsy Girl: Escapades for Your Life of Epic Adventure
2026-09-08 12:22:29,614-INFO-Page 4: Scraped The Electric Pencil: Drawings from Inside State Hospital No. 3
2026-09-08 12:22:29,614-INFO-Page 4: Scraped The Death of Humanity: and the Case for Life
2026-09-08 12:22:29,615-INFO-Page 4: Scraped The Bulletproof Diet: Lose up to a Pound a Day, Reclaim Energy and Focus, Upgrade Your Life
2026-09-08 12:22:29,615-INFO-Page 4: Scraped The Art Forger
2026-09-08 12:22:29,615-INFO-Page 4: Scraped The Age of Genius: The Seventeenth Century and the Birth of the Modern Mind
2026-09-08 12:22:29,616-INFO-Page 4: Scraped The Activist's Tao Te Ching: Ancient Advice for a Modern Revolution
2026-09-08 12:22:29,616-INFO-Page 4: Scraped Spark Joy: An Illustrated Master Class on the Art of Organizing and Tidying Up
2026-09-08 12:22:29,616-INFO-Page 4: Scraped Soul Reader
2026-09-08 12:22:29,617-INFO-Page 4: Scraped Security
2026-09-08 12:22:29,617-INFO-Page 4: Scraped Saga, Volume 6 (Saga (Collected Editions) #6)
2026-09-08 12:22:29,617-INFO-Page 4: Scraped Saga, Volume 5 (Saga (Collected Editions) #5)
2026-09-08 12:22:29,617-INFO-Page 4: Scraped Reskilling America: Learning to Labor in the Twenty-First Century
2026-09-08 12:22:29,618-INFO-Page 4: Scraped Rat Queens, Vol. 3: Demons (Rat Queens (Collected Editions) #11-15)
2026-09-08 12:22:30,492-INFO-Page 5: Scraped Princess Jellyfish 2-in-1 Omnibus, Vol. 01 (Princess Jellyfish 2-in-1 Omnibus #1)
2026-09-08 12:22:30,493-INFO-Page 5: Scraped Princess Between Worlds (Wide-Awake Princess #5)
2026-09-08 12:22:30,493-INFO-Page 5: Scraped Pop Gun War, Volume 1: Gift
2026-09-08 12:22:30,493-INFO-Page 5: Scraped Political Suicide: Missteps, Peccadilloes, Bad Calls, Backroom Hijinx, Sordid Pasts, Rotten Breaks, and Just Plain Dumb Mistakes in the Annals of American Politics
2026-09-08 12:22:30,493-INFO-Page 5: Scraped Patience
2026-09-08 12:22:30,494-INFO-Page 5: Scraped Outcast, Vol. 1: A Darkness Surrounds Him (Outcast #1)
2026-09-08 12:22:30,494-INFO-Page 5: Scraped orange: The Complete Collection 1 (orange: The Complete Collection #1)
2026-09-08 12:22:30,494-INFO-Page 5: Scraped Online Marketing for Busy Authors: A Step-By-Step Guide
2026-09-08 12:22:30,494-INFO-Page 5: Scraped On a Midnight Clear
2026-09-08 12:22:30,495-INFO-Page 5: Scraped Obsidian (Lux #1)
2026-09-08 12:22:30,495-INFO-Page 5: Scraped My Paris Kitchen: Recipes and Stories
2026-09-08 12:22:30,495-INFO-Page 5: Scraped Masks and Shadows
2026-09-08 12:22:30,495-INFO-Page 5: Scraped Mama Tried: Traditional Italian Cooking for the Screwed, Crude, Vegan, and Tattooed
2026-09-08 12:22:30,496-INFO-Page 5: Scraped Lumberjanes, Vol. 2: Friendship to the Max (Lumberjanes #5-8)
2026-09-08 12:22:30,496-INFO-Page 5: Scraped Lumberjanes, Vol. 1: Beware the Kitten Holy (Lumberjanes #1-4)
2026-09-08 12:22:30,496-INFO-Page 5: Scraped Lumberjanes Vol. 3: A Terrible Plan (Lumberjanes #9-12)
2026-09-08 12:22:30,496-INFO-Page 5: Scraped Layered: Baking, Building, and Styling Spectacular Cakes
2026-09-08 12:22:30,497-INFO-Page 5: Scraped Judo: Seven Steps to Black Belt (an Introductory Guide for Beginners)
2026-09-08 12:22:30,497-INFO-Page 5: Scraped Join
2026-09-08 12:22:30,497-INFO-Page 5: Scraped In the Country We Love: My Family Divided
2026-09-08 12:22:31,486-INFO-Page 6: Scraped Immunity: How Elie Metchnikoff Changed the Course of Modern Medicine
2026-09-08 12:22:31,486-INFO-Page 6: Scraped I Hate Fairyland, Vol. 1: Madly Ever After (I Hate Fairyland (Compilations) #1-5)
2026-09-08 12:22:31,486-INFO-Page 6: Scraped I am a Hero Omnibus Volume 1
2026-09-08 12:22:31,487-INFO-Page 6: Scraped How to Be Miserable: 40 Strategies You Already Use
2026-09-08 12:22:31,487-INFO-Page 6: Scraped Her Backup Boyfriend (The Sorensen Family #1)
2026-09-08 12:22:31,487-INFO-Page 6: Scraped Giant Days, Vol. 2 (Giant Days #5-8)
2026-09-08 12:22:31,487-INFO-Page 6: Scraped Forever and Forever: The Courtship of Henry Longfellow and Fanny Appleton
2026-09-08 12:22:31,488-INFO-Page 6: Scraped First and First (Five Boroughs #3)
2026-09-08 12:22:31,488-INFO-Page 6: Scraped Fifty Shades Darker (Fifty Shades #2)
2026-09-08 12:22:31,488-INFO-Page 6: Scraped Everydata: The Misinformation Hidden in the Little Data You Consume Every Day
2026-09-08 12:22:31,488-INFO-Page 6: Scraped Don't Be a Jerk: And Other Practical Advice from Dogen, Japan's Greatest Zen Master
2026-09-08 12:22:31,488-INFO-Page 6: Scraped Danganronpa Volume 1
2026-09-08 12:22:31,489-INFO-Page 6: Scraped Crown of Midnight (Throne of Glass #2)
2026-09-08 12:22:31,489-INFO-Page 6: Scraped Codename Baboushka, Volume 1: The Conclave of Death
2026-09-08 12:22:31,489-INFO-Page 6: Scraped Camp Midnight
2026-09-08 12:22:31,489-INFO-Page 6: Scraped Call the Nurse: True Stories of a Country Nurse on a Scottish Isle
2026-09-08 12:22:31,490-INFO-Page 6: Scraped Burning
2026-09-08 12:22:31,490-INFO-Page 6: Scraped Bossypants
2026-09-08 12:22:31,490-INFO-Page 6: Scraped Bitch Planet, Vol. 1: Extraordinary Machine (Bitch Planet (Collected Editions))
2026-09-08 12:22:31,490-INFO-Page 6: Scraped Avatar: The Last Airbender: Smoke and Shadow, Part 3 (Smoke and Shadow #3)
2026-09-08 12:22:32,345-INFO-Page 7: Scraped Algorithms to Live By: The Computer Science of Human Decisions
2026-09-08 12:22:32,345-INFO-Page 7: Scraped A World of Flavor: Your Gluten Free Passport
2026-09-08 12:22:32,346-INFO-Page 7: Scraped A Piece of Sky, a Grain of Rice: A Memoir in Four Meditations
2026-09-08 12:22:32,346-INFO-Page 7: Scraped A Murder in Time
2026-09-08 12:22:32,346-INFO-Page 7: Scraped A Flight of Arrows (The Pathfinders #2)
2026-09-08 12:22:32,347-INFO-Page 7: Scraped A Fierce and Subtle Poison
2026-09-08 12:22:32,347-INFO-Page 7: Scraped A Court of Thorns and Roses (A Court of Thorns and Roses #1)
2026-09-08 12:22:32,347-INFO-Page 7: Scraped (Un)Qualified: How God Uses Broken People to Do Big Things
2026-09-08 12:22:32,347-INFO-Page 7: Scraped You Are What You Love: The Spiritual Power of Habit
2026-09-08 12:22:32,348-INFO-Page 7: Scraped William Shakespeare's Star Wars: Verily, A New Hope (William Shakespeare's Star Wars #4)
2026-09-08 12:22:32,348-INFO-Page 7: Scraped Tuesday Nights in 1980
2026-09-08 12:22:32,348-INFO-Page 7: Scraped Tracing Numbers on a Train
2026-09-08 12:22:32,348-INFO-Page 7: Scraped Throne of Glass (Throne of Glass #1)
2026-09-08 12:22:32,349-INFO-Page 7: Scraped Thomas Jefferson and the Tripoli Pirates: The Forgotten War That Changed American History
2026-09-08 12:22:32,349-INFO-Page 7: Scraped Thirteen Reasons Why
2026-09-08 12:22:32,349-INFO-Page 7: Scraped The White Cat and the Monk: A Retelling of the Poem ‚\x80\x9cPangur B√°n‚\x80\x9d
2026-09-08 12:22:32,349-INFO-Page 7: Scraped The Wedding Dress
2026-09-08 12:22:32,350-INFO-Page 7: Scraped The Vacationers
2026-09-08 12:22:32,350-INFO-Page 7: Scraped The Third Wave: An Entrepreneur‚\x80\x99s Vision of the Future
2026-09-08 12:22:32,350-INFO-Page 7: Scraped The Stranger
2026-09-08 12:22:33,370-INFO-Page 8: Scraped The Shadow Hero (The Shadow Hero)
2026-09-08 12:22:33,371-INFO-Page 8: Scraped The Secret (The Secret #1)
2026-09-08 12:22:33,372-INFO-Page 8: Scraped The Regional Office Is Under Attack!
2026-09-08 12:22:33,374-INFO-Page 8: Scraped The Psychopath Test: A Journey Through the Madness Industry
2026-09-08 12:22:33,375-INFO-Page 8: Scraped The Project
2026-09-08 12:22:33,376-INFO-Page 8: Scraped The Power of Now: A Guide to Spiritual Enlightenment
2026-09-08 12:22:33,376-INFO-Page 8: Scraped The Omnivore's Dilemma: A Natural History of Four Meals
2026-09-08 12:22:33,376-INFO-Page 8: Scraped The Nerdy Nummies Cookbook: Sweet Treats for the Geek in All of Us
2026-09-08 12:22:33,377-INFO-Page 8: Scraped The Murder of Roger Ackroyd (Hercule Poirot #4)
2026-09-08 12:22:33,377-INFO-Page 8: Scraped The Mistake (Off-Campus #2)
2026-09-08 12:22:33,378-INFO-Page 8: Scraped The Matchmaker's Playbook (Wingmen Inc. #1)
2026-09-08 12:22:33,378-INFO-Page 8: Scraped The Love and Lemons Cookbook: An Apple-to-Zucchini Celebration of Impromptu Cooking
2026-09-08 12:22:33,378-INFO-Page 8: Scraped The Long Shadow of Small Ghosts: Murder and Memory in an American City
2026-09-08 12:22:33,379-INFO-Page 8: Scraped The Kite Runner
2026-09-08 12:22:33,379-INFO-Page 8: Scraped The House by the Lake
2026-09-08 12:22:33,380-INFO-Page 8: Scraped The Glittering Court (The Glittering Court #1)
2026-09-08 12:22:33,381-INFO-Page 8: Scraped The Girl on the Train
2026-09-08 12:22:33,382-INFO-Page 8: Scraped The Genius of Birds
2026-09-08 12:22:33,382-INFO-Page 8: Scraped The Emerald Mystery
2026-09-08 12:22:33,383-INFO-Page 8: Scraped The Cookies & Cups Cookbook: 125+ sweet & savory recipes reminding you to Always Eat Dessert First
2026-09-08 12:22:34,336-INFO-Page 9: Scraped The Bridge to Consciousness: I'm Writing the Bridge Between Science and Our Old and New Beliefs.
2026-09-08 12:22:34,344-INFO-Page 9: Scraped The Artist's Way: A Spiritual Path to Higher Creativity
2026-09-08 12:22:34,345-INFO-Page 9: Scraped The Art of War
2026-09-08 12:22:34,345-INFO-Page 9: Scraped The Argonauts
2026-09-08 12:22:34,346-INFO-Page 9: Scraped The 10% Entrepreneur: Live Your Startup Dream Without Quitting Your Day Job
2026-09-08 12:22:34,346-INFO-Page 9: Scraped Suddenly in Love (Lake Haven #1)
2026-09-08 12:22:34,346-INFO-Page 9: Scraped Something More Than This
2026-09-08 12:22:34,347-INFO-Page 9: Scraped Soft Apocalypse
2026-09-08 12:22:34,347-INFO-Page 9: Scraped So You've Been Publicly Shamed
2026-09-08 12:22:34,347-INFO-Page 9: Scraped Shoe Dog: A Memoir by the Creator of NIKE
2026-09-08 12:22:34,348-INFO-Page 9: Scraped Shobu Samurai, Project Aryoku (#3)
2026-09-08 12:22:34,348-INFO-Page 9: Scraped Secrets and Lace (Fatal Hearts #1)
2026-09-08 12:22:34,348-INFO-Page 9: Scraped Scarlett Epstein Hates It Here
2026-09-08 12:22:34,348-INFO-Page 9: Scraped Romero and Juliet: A Tragic Tale of Love and Zombies
2026-09-08 12:22:34,348-INFO-Page 9: Scraped Redeeming Love
2026-09-08 12:22:34,349-INFO-Page 9: Scraped Poses for Artists Volume 1 - Dynamic and Sitting Poses: An Essential Reference for Figure Drawing and the Human Form
2026-09-08 12:22:34,349-INFO-Page 9: Scraped Poems That Make Grown Women Cry
2026-09-08 12:22:34,349-INFO-Page 9: Scraped Nightingale, Sing
2026-09-08 12:22:34,350-INFO-Page 9: Scraped Night Sky with Exit Wounds
2026-09-08 12:22:34,350-INFO-Page 9: Scraped Mrs. Houdini
2026-09-08 12:22:35,823-INFO-Page 10: Scraped Modern Romance
2026-09-08 12:22:35,823-INFO-Page 10: Scraped Miss Peregrine‚\x80\x99s Home for Peculiar Children (Miss Peregrine‚\x80\x99s Peculiar Children #1)
2026-09-08 12:22:35,824-INFO-Page 10: Scraped Louisa: The Extraordinary Life of Mrs. Adams
2026-09-08 12:22:35,824-INFO-Page 10: Scraped Little Red
2026-09-08 12:22:35,824-INFO-Page 10: Scraped Library of Souls (Miss Peregrine‚\x80\x99s Peculiar Children #3)
2026-09-08 12:22:35,825-INFO-Page 10: Scraped Large Print Heart of the Pride
2026-09-08 12:22:35,825-INFO-Page 10: Scraped I Had a Nice Time And Other Lies...: How to find love & sh*t like that
2026-09-08 12:22:35,826-INFO-Page 10: Scraped Hollow City (Miss Peregrine‚\x80\x99s Peculiar Children #2)
2026-09-08 12:22:35,826-INFO-Page 10: Scraped Grumbles
2026-09-08 12:22:35,826-INFO-Page 10: Scraped Full Moon over Noah‚\x80\x99s Ark: An Odyssey to Mount Ararat and Beyond
2026-09-08 12:22:35,826-INFO-Page 10: Scraped Frostbite (Vampire Academy #2)
2026-09-08 12:22:35,827-INFO-Page 10: Scraped Follow You Home
2026-09-08 12:22:35,827-INFO-Page 10: Scraped First Steps for New Christians (Print Edition)
2026-09-08 12:22:35,827-INFO-Page 10: Scraped Finders Keepers (Bill Hodges Trilogy #2)
2026-09-08 12:22:35,827-INFO-Page 10: Scraped Fables, Vol. 1: Legends in Exile (Fables #1)
2026-09-08 12:22:35,828-INFO-Page 10: Scraped Eureka Trivia 6.0
2026-09-08 12:22:35,828-INFO-Page 10: Scraped Drive: The Surprising Truth About What Motivates Us
2026-09-08 12:22:35,828-INFO-Page 10: Scraped Done Rubbed Out (Reightman & Bailey #1)
2026-09-08 12:22:35,828-INFO-Page 10: Scraped Doing It Over (Most Likely To #1)
2026-09-08 12:22:35,829-INFO-Page 10: Scraped Deliciously Ella Every Day: Quick and Easy Recipes for Gluten-Free Snacks, Packed Lunches, and Simple Meals
2026-09-08 12:22:36,808-INFO-Page 11: Scraped Dark Notes
2026-09-08 12:22:36,808-INFO-Page 11: Scraped Daring Greatly: How the Courage to Be Vulnerable Transforms the Way We Live, Love, Parent, and Lead
2026-09-08 12:22:36,808-INFO-Page 11: Scraped Close to You
2026-09-08 12:22:36,809-INFO-Page 11: Scraped Chasing Heaven: What Dying Taught Me About Living
2026-09-08 12:22:36,809-INFO-Page 11: Scraped Big Magic: Creative Living Beyond Fear
2026-09-08 12:22:36,809-INFO-Page 11: Scraped Becoming Wise: An Inquiry into the Mystery and Art of Living
2026-09-08 12:22:36,809-INFO-Page 11: Scraped Beauty Restored (Riley Family Legacy Novellas #3)
2026-09-08 12:22:36,810-INFO-Page 11: Scraped Batman: The Long Halloween (Batman)
2026-09-08 12:22:36,810-INFO-Page 11: Scraped Batman: The Dark Knight Returns (Batman)
2026-09-08 12:22:36,810-INFO-Page 11: Scraped Ayumi's Violin
2026-09-08 12:22:36,810-INFO-Page 11: Scraped Anonymous
2026-09-08 12:22:36,811-INFO-Page 11: Scraped Amy Meets the Saints and Sages
2026-09-08 12:22:36,811-INFO-Page 11: Scraped Amid the Chaos
2026-09-08 12:22:36,811-INFO-Page 11: Scraped Amatus
2026-09-08 12:22:36,811-INFO-Page 11: Scraped Agnostic: A Spirited Manifesto
2026-09-08 12:22:36,812-INFO-Page 11: Scraped Zealot: The Life and Times of Jesus of Nazareth
2026-09-08 12:22:36,812-INFO-Page 11: Scraped You (You #1)
2026-09-08 12:22:36,812-INFO-Page 11: Scraped Wonder Woman: Earth One, Volume One (Wonder Woman: Earth One #1)
2026-09-08 12:22:36,812-INFO-Page 11: Scraped Wild Swans
2026-09-08 12:22:36,812-INFO-Page 11: Scraped Why the Right Went Wrong: Conservatism--From Goldwater to the Tea Party and Beyond
2026-09-08 12:22:37,843-INFO-Page 12: Scraped Whole Lotta Creativity Going On: 60 Fun and Unusual Exercises to Awaken and Strengthen Your Creativity
2026-09-08 12:22:37,843-INFO-Page 12: Scraped What's It Like in Space?: Stories from Astronauts Who've Been There
2026-09-08 12:22:37,844-INFO-Page 12: Scraped We Are Robin, Vol. 1: The Vigilante Business (We Are Robin #1)
2026-09-08 12:22:37,844-INFO-Page 12: Scraped Walt Disney's Alice in Wonderland
2026-09-08 12:22:37,845-INFO-Page 12: Scraped V for Vendetta (V for Vendetta Complete)
2026-09-08 12:22:37,845-INFO-Page 12: Scraped Until Friday Night (The Field Party #1)
2026-09-08 12:22:37,845-INFO-Page 12: Scraped Unbroken: A World War II Story of Survival, Resilience, and Redemption
2026-09-08 12:22:37,846-INFO-Page 12: Scraped Twenty Yawns
2026-09-08 12:22:37,846-INFO-Page 12: Scraped Through the Woods
2026-09-08 12:22:37,846-INFO-Page 12: Scraped This Is Where It Ends
2026-09-08 12:22:37,846-INFO-Page 12: Scraped The Year of Magical Thinking
2026-09-08 12:22:37,847-INFO-Page 12: Scraped The Wright Brothers
2026-09-08 12:22:37,847-INFO-Page 12: Scraped The White Queen (The Cousins' War #1)
2026-09-08 12:22:37,847-INFO-Page 12: Scraped The Wedding Pact (The O'Malleys #2)
2026-09-08 12:22:37,847-INFO-Page 12: Scraped The Time Keeper
2026-09-08 12:22:37,847-INFO-Page 12: Scraped The Testament of Mary
2026-09-08 12:22:37,848-INFO-Page 12: Scraped The Star-Touched Queen
2026-09-08 12:22:37,848-INFO-Page 12: Scraped The Songs of the Gods
2026-09-08 12:22:37,848-INFO-Page 12: Scraped The Song of Achilles
2026-09-08 12:22:37,848-INFO-Page 12: Scraped The Rosie Project (Don Tillman #1)
2026-09-08 12:22:38,708-INFO-Page 13: Scraped The Power of Habit: Why We Do What We Do in Life and Business
2026-09-08 12:22:38,708-INFO-Page 13: Scraped The Marriage of Opposites
2026-09-08 12:22:38,708-INFO-Page 13: Scraped The Lucifer Effect: Understanding How Good People Turn Evil
2026-09-08 12:22:38,709-INFO-Page 13: Scraped The Long Haul (Diary of a Wimpy Kid #9)
2026-09-08 12:22:38,709-INFO-Page 13: Scraped The Loney
2026-09-08 12:22:38,709-INFO-Page 13: Scraped The Literature Book (Big Ideas Simply Explained)
2026-09-08 12:22:38,709-INFO-Page 13: Scraped The Last Mile (Amos Decker #2)
2026-09-08 12:22:38,710-INFO-Page 13: Scraped The Immortal Life of Henrietta Lacks
2026-09-08 12:22:38,710-INFO-Page 13: Scraped The Hidden Oracle (The Trials of Apollo #1)
2026-09-08 12:22:38,710-INFO-Page 13: Scraped The Help Yourself Cookbook for Kids: 60 Easy Plant-Based Recipes Kids Can Make to Stay Healthy and Save the Earth
2026-09-08 12:22:38,711-INFO-Page 13: Scraped The Guilty (Will Robie #4)
2026-09-08 12:22:38,711-INFO-Page 13: Scraped The First Hostage (J.B. Collins #2)
2026-09-08 12:22:38,712-INFO-Page 13: Scraped The Dovekeepers
2026-09-08 12:22:38,713-INFO-Page 13: Scraped The Darkest Lie
2026-09-08 12:22:38,714-INFO-Page 13: Scraped The Bane Chronicles (The Bane Chronicles #1-11)
2026-09-08 12:22:38,714-INFO-Page 13: Scraped The Bad-Ass Librarians of Timbuktu: And Their Race to Save the World‚\x80\x99s Most Precious Manuscripts
2026-09-08 12:22:38,715-INFO-Page 13: Scraped The 14th Colony (Cotton Malone #11)
2026-09-08 12:22:38,716-INFO-Page 13: Scraped That Darkness (Gardiner and Renner #1)
2026-09-08 12:22:38,716-INFO-Page 13: Scraped Tastes Like Fear (DI Marnie Rome #3)
2026-09-08 12:22:38,716-INFO-Page 13: Scraped Take Me with You
2026-09-08 12:22:40,030-INFO-Page 14: Scraped Swell: A Year of Waves
2026-09-08 12:22:40,031-INFO-Page 14: Scraped Superman Vol. 1: Before Truth (Superman by Gene Luen Yang #1)
2026-09-08 12:22:40,031-INFO-Page 14: Scraped Still Life with Bread Crumbs
2026-09-08 12:22:40,032-INFO-Page 14: Scraped Steve Jobs
2026-09-08 12:22:40,032-INFO-Page 14: Scraped Sorting the Beef from the Bull: The Science of Food Fraud Forensics
2026-09-08 12:22:40,032-INFO-Page 14: Scraped Someone Like You (The Harrisons #2)
2026-09-08 12:22:40,033-INFO-Page 14: Scraped So Cute It Hurts!!, Vol. 6 (So Cute It Hurts!! #6)
2026-09-08 12:22:40,034-INFO-Page 14: Scraped Shtum
2026-09-08 12:22:40,034-INFO-Page 14: Scraped See America: A Celebration of Our National Parks & Treasured Sites
2026-09-08 12:22:40,035-INFO-Page 14: Scraped salt.
2026-09-08 12:22:40,036-INFO-Page 14: Scraped Robin War
2026-09-08 12:22:40,036-INFO-Page 14: Scraped Red Hood/Arsenal, Vol. 1: Open for Business (Red Hood/Arsenal #1)
2026-09-08 12:22:40,036-INFO-Page 14: Scraped Rain Fish
2026-09-08 12:22:40,037-INFO-Page 14: Scraped Quarter Life Poetry: Poems for the Young, Broke and Hangry
2026-09-08 12:22:40,037-INFO-Page 14: Scraped Pet Sematary
2026-09-08 12:22:40,037-INFO-Page 14: Scraped Overload: How to Unplug, Unwind, and Unleash Yourself from the Pressure of Stress
2026-09-08 12:22:40,038-INFO-Page 14: Scraped Once Was a Time
2026-09-08 12:22:40,038-INFO-Page 14: Scraped Old School (Diary of a Wimpy Kid #10)
2026-09-08 12:22:40,039-INFO-Page 14: Scraped No Dream Is Too High: Life Lessons From a Man Who Walked on the Moon
2026-09-08 12:22:40,039-INFO-Page 14: Scraped Naruto (3-in-1 Edition), Vol. 14: Includes Vols. 40, 41 & 42 (Naruto: Omnibus #14)
2026-09-08 12:22:40,888-INFO-Page 15: Scraped My Name Is Lucy Barton
2026-09-08 12:22:40,888-INFO-Page 15: Scraped My Mrs. Brown
2026-09-08 12:22:40,889-INFO-Page 15: Scraped My Kind of Crazy
2026-09-08 12:22:40,889-INFO-Page 15: Scraped Mr. Mercedes (Bill Hodges Trilogy #1)
2026-09-08 12:22:40,889-INFO-Page 15: Scraped More Than Music (Chasing the Dream #1)
2026-09-08 12:22:40,889-INFO-Page 15: Scraped Made to Stick: Why Some Ideas Survive and Others Die
2026-09-08 12:22:40,890-INFO-Page 15: Scraped Luis Paints the World
2026-09-08 12:22:40,890-INFO-Page 15: Scraped Luckiest Girl Alive
2026-09-08 12:22:40,890-INFO-Page 15: Scraped Lowriders to the Center of the Earth (Lowriders in Space #2)
2026-09-08 12:22:40,890-INFO-Page 15: Scraped Love Is a Mix Tape (Music #1)
2026-09-08 12:22:40,891-INFO-Page 15: Scraped Looking for Lovely: Collecting the Moments that Matter
2026-09-08 12:22:40,891-INFO-Page 15: Scraped Living Leadership by Insight: A Good Leader Achieves, a Great Leader Builds Monuments
2026-09-08 12:22:40,891-INFO-Page 15: Scraped Let It Out: A Journey Through Journaling
2026-09-08 12:22:40,891-INFO-Page 15: Scraped Lady Midnight (The Dark Artifices #1)
2026-09-08 12:22:40,892-INFO-Page 15: Scraped It's All Easy: Healthy, Delicious Weeknight Meals in under 30 Minutes
2026-09-08 12:22:40,892-INFO-Page 15: Scraped Island of Dragons (Unwanteds #7)
2026-09-08 12:22:40,892-INFO-Page 15: Scraped I Know What I'm Doing -- and Other Lies I Tell Myself: Dispatches from a Life Under Construction
2026-09-08 12:22:40,892-INFO-Page 15: Scraped I Am Pilgrim (Pilgrim #1)
2026-09-08 12:22:40,893-INFO-Page 15: Scraped Hyperbole and a Half: Unfortunate Situations, Flawed Coping Mechanisms, Mayhem, and Other Things That Happened
2026-09-08 12:22:40,893-INFO-Page 15: Scraped Hush, Hush (Hush, Hush #1)
2026-09-08 12:22:41,867-INFO-Page 16: Scraped Hold Your Breath (Search and Rescue #1)
2026-09-08 12:22:41,868-INFO-Page 16: Scraped Hamilton: The Revolution
2026-09-08 12:22:41,868-INFO-Page 16: Scraped Greek Mythic History
2026-09-08 12:22:41,868-INFO-Page 16: Scraped God: The Most Unpleasant Character in All Fiction
2026-09-08 12:22:41,869-INFO-Page 16: Scraped Glory over Everything: Beyond The Kitchen House
2026-09-08 12:22:41,869-INFO-Page 16: Scraped Feathers: Displays of Brilliant Plumage
2026-09-08 12:22:41,869-INFO-Page 16: Scraped Far & Away: Places on the Brink of Change: Seven Continents, Twenty-Five Years
2026-09-08 12:22:41,869-INFO-Page 16: Scraped Every Last Word
2026-09-08 12:22:41,870-INFO-Page 16: Scraped Eligible (The Austen Project #4)
2026-09-08 12:22:41,870-INFO-Page 16: Scraped El Deafo
2026-09-08 12:22:41,870-INFO-Page 16: Scraped Eight Hundred Grapes
2026-09-08 12:22:41,870-INFO-Page 16: Scraped Eaternity: More than 150 Deliciously Easy Vegan Recipes for a Long, Healthy, Satisfied, Joyful Life
2026-09-08 12:22:41,870-INFO-Page 16: Scraped Eat Fat, Get Thin
2026-09-08 12:22:41,871-INFO-Page 16: Scraped Don't Get Caught
2026-09-08 12:22:41,871-INFO-Page 16: Scraped Doctor Sleep (The Shining #2)
2026-09-08 12:22:41,871-INFO-Page 16: Scraped Demigods & Magicians: Percy and Annabeth Meet the Kanes (Percy Jackson & Kane Chronicles Crossover #1-3)
2026-09-08 12:22:41,872-INFO-Page 16: Scraped Dear Mr. Knightley
2026-09-08 12:22:41,872-INFO-Page 16: Scraped Daily Fantasy Sports
2026-09-08 12:22:41,872-INFO-Page 16: Scraped Crazy Love: Overwhelmed by a Relentless God
2026-09-08 12:22:41,873-INFO-Page 16: Scraped Cometh the Hour (The Clifton Chronicles #6)
2026-09-08 12:22:42,876-INFO-Page 17: Scraped Code Name Verity (Code Name Verity #1)
2026-09-08 12:22:42,877-INFO-Page 17: Scraped Clockwork Angel (The Infernal Devices #1)
2026-09-08 12:22:42,877-INFO-Page 17: Scraped City of Glass (The Mortal Instruments #3)
2026-09-08 12:22:42,878-INFO-Page 17: Scraped City of Fallen Angels (The Mortal Instruments #4)
2026-09-08 12:22:42,879-INFO-Page 17: Scraped City of Bones (The Mortal Instruments #1)
2026-09-08 12:22:42,879-INFO-Page 17: Scraped City of Ashes (The Mortal Instruments #2)
2026-09-08 12:22:42,879-INFO-Page 17: Scraped Cell
2026-09-08 12:22:42,880-INFO-Page 17: Scraped Catching Jordan (Hundred Oaks)
2026-09-08 12:22:42,880-INFO-Page 17: Scraped Carry On, Warrior: Thoughts on Life Unarmed
2026-09-08 12:22:42,880-INFO-Page 17: Scraped Carrie
2026-09-08 12:22:42,881-INFO-Page 17: Scraped Buying In: The Secret Dialogue Between What We Buy and Who We Are
2026-09-08 12:22:42,881-INFO-Page 17: Scraped Brain on Fire: My Month of Madness
2026-09-08 12:22:42,881-INFO-Page 17: Scraped Batman: Europa
2026-09-08 12:22:42,882-INFO-Page 17: Scraped Barefoot Contessa Back to Basics
2026-09-08 12:22:42,882-INFO-Page 17: Scraped Barefoot Contessa at Home: Everyday Recipes You'll Make Over and Over Again
2026-09-08 12:22:42,882-INFO-Page 17: Scraped Balloon Animals
2026-09-08 12:22:42,883-INFO-Page 17: Scraped Art Ops Vol. 1
2026-09-08 12:22:42,883-INFO-Page 17: Scraped Aristotle and Dante Discover the Secrets of the Universe (Aristotle and Dante Discover the Secrets of the Universe #1)
2026-09-08 12:22:42,883-INFO-Page 17: Scraped Angels Walking (Angels Walking #1)
2026-09-08 12:22:42,883-INFO-Page 17: Scraped Angels & Demons (Robert Langdon #1)
2026-09-08 12:22:43,740-INFO-Page 18: Scraped All the Light We Cannot See
2026-09-08 12:22:43,741-INFO-Page 18: Scraped Adulthood Is a Myth: A "Sarah's Scribbles" Collection
2026-09-08 12:22:43,741-INFO-Page 18: Scraped Abstract City
2026-09-08 12:22:43,741-INFO-Page 18: Scraped A Time of Torment (Charlie Parker #14)
2026-09-08 12:22:43,742-INFO-Page 18: Scraped A Study in Scarlet (Sherlock Holmes #1)
2026-09-08 12:22:43,742-INFO-Page 18: Scraped A Series of Catastrophes and Miracles: A True Story of Love, Science, and Cancer
2026-09-08 12:22:43,743-INFO-Page 18: Scraped A People's History of the United States
2026-09-08 12:22:43,744-INFO-Page 18: Scraped A Man Called Ove
2026-09-08 12:22:43,745-INFO-Page 18: Scraped A Distant Mirror: The Calamitous 14th Century
2026-09-08 12:22:43,746-INFO-Page 18: Scraped A Brush of Wings (Angels Walking #3)
2026-09-08 12:22:43,747-INFO-Page 18: Scraped 1491: New Revelations of the Americas Before Columbus
2026-09-08 12:22:43,748-INFO-Page 18: Scraped The Three Searches, Meaning, and the Story
2026-09-08 12:22:43,749-INFO-Page 18: Scraped Searching for Meaning in Gailana
2026-09-08 12:22:43,750-INFO-Page 18: Scraped Rook
2026-09-08 12:22:43,751-INFO-Page 18: Scraped My Kitchen Year: 136 Recipes That Saved My Life
2026-09-08 12:22:43,752-INFO-Page 18: Scraped 13 Hours: The Inside Account of What Really Happened In Benghazi
2026-09-08 12:22:43,753-INFO-Page 18: Scraped Will You Won't You Want Me?
2026-09-08 12:22:43,754-INFO-Page 18: Scraped Tipping Point for Planet Earth: How Close Are We to the Edge?
2026-09-08 12:22:43,756-INFO-Page 18: Scraped The Star-Touched Queen
2026-09-08 12:22:43,757-INFO-Page 18: Scraped The Silent Sister (Riley MacPherson #1)
2026-09-08 12:22:44,596-INFO-Page 19: Scraped The Midnight Watch: A Novel of the Titanic and the Californian
2026-09-08 12:22:44,596-INFO-Page 19: Scraped The Lonely City: Adventures in the Art of Being Alone
2026-09-08 12:22:44,597-INFO-Page 19: Scraped The Gray Rhino: How to Recognize and Act on the Obvious Dangers We Ignore
2026-09-08 12:22:44,597-INFO-Page 19: Scraped The Golden Condom: And Other Essays on Love Lost and Found
2026-09-08 12:22:44,597-INFO-Page 19: Scraped The Epidemic (The Program 0.6)
2026-09-08 12:22:44,597-INFO-Page 19: Scraped The Dinner Party
2026-09-08 12:22:44,598-INFO-Page 19: Scraped The Diary of a Young Girl
2026-09-08 12:22:44,598-INFO-Page 19: Scraped The Children
2026-09-08 12:22:44,598-INFO-Page 19: Scraped Stars Above (The Lunar Chronicles #4.5)
2026-09-08 12:22:44,598-INFO-Page 19: Scraped Snatched: How A Drug Queen Went Undercover for the DEA and Was Kidnapped By Colombian Guerillas
2026-09-08 12:22:44,599-INFO-Page 19: Scraped Raspberry Pi Electronics Projects for the Evil Genius
2026-09-08 12:22:44,599-INFO-Page 19: Scraped Quench Your Own Thirst: Business Lessons Learned Over a Beer or Two
2026-09-08 12:22:44,599-INFO-Page 19: Scraped Psycho: Sanitarium (Psycho #1.5)
2026-09-08 12:22:44,600-INFO-Page 19: Scraped Poisonous (Max Revere Novels #3)
2026-09-08 12:22:44,600-INFO-Page 19: Scraped One with You (Crossfire #5)
2026-09-08 12:22:44,600-INFO-Page 19: Scraped No Love Allowed (Dodge Cove #1)
2026-09-08 12:22:44,600-INFO-Page 19: Scraped Murder at the 42nd Street Library (Raymond Ambler #1)
2026-09-08 12:22:44,600-INFO-Page 19: Scraped Most Wanted
2026-09-08 12:22:44,601-INFO-Page 19: Scraped Love, Lies and Spies
2026-09-08 12:22:44,601-INFO-Page 19: Scraped How to Speak Golf: An Illustrated Guide to Links Lingo
2026-09-08 12:22:45,612-INFO-Page 20: Scraped Hide Away (Eve Duncan #20)
2026-09-08 12:22:45,613-INFO-Page 20: Scraped Furiously Happy: A Funny Book About Horrible Things
2026-09-08 12:22:45,613-INFO-Page 20: Scraped Everyday Italian: 125 Simple and Delicious Recipes
2026-09-08 12:22:45,614-INFO-Page 20: Scraped Equal Is Unfair: America's Misguided Fight Against Income Inequality
2026-09-08 12:22:45,614-INFO-Page 20: Scraped Eleanor & Park
2026-09-08 12:22:45,614-INFO-Page 20: Scraped Dirty (Dive Bar #1)
2026-09-08 12:22:45,615-INFO-Page 20: Scraped Can You Keep a Secret? (Fear Street Relaunch #4)
2026-09-08 12:22:45,615-INFO-Page 20: Scraped Boar Island (Anna Pigeon #19)
2026-09-08 12:22:45,616-INFO-Page 20: Scraped A Paris Apartment
2026-09-08 12:22:45,616-INFO-Page 20: Scraped A la Mode: 120 Recipes in 60 Pairings: Pies, Tarts, Cakes, Crisps, and More Topped with Ice Cream, Gelato, Frozen Custard, and More
2026-09-08 12:22:45,616-INFO-Page 20: Scraped Troublemaker: Surviving Hollywood and Scientology
2026-09-08 12:22:45,617-INFO-Page 20: Scraped The Widow
2026-09-08 12:22:45,617-INFO-Page 20: Scraped The Sleep Revolution: Transforming Your Life, One Night at a Time
2026-09-08 12:22:45,618-INFO-Page 20: Scraped The Improbability of Love
2026-09-08 12:22:45,618-INFO-Page 20: Scraped The Art of Startup Fundraising
2026-09-08 12:22:45,618-INFO-Page 20: Scraped Take Me Home Tonight (Rock Star Romance #3)
2026-09-08 12:22:45,619-INFO-Page 20: Scraped Sleeping Giants (Themis Files #1)
2026-09-08 12:22:45,620-INFO-Page 20: Scraped Setting the World on Fire: The Brief, Astonishing Life of St. Catherine of Siena
2026-09-08 12:22:45,620-INFO-Page 20: Scraped Playing with Fire
2026-09-08 12:22:45,621-INFO-Page 20: Scraped Off the Hook (Fishing for Trouble #1)
2026-09-08 12:22:46,478-INFO-Page 21: Scraped Mothering Sunday
2026-09-08 12:22:46,478-INFO-Page 21: Scraped Mother, Can You Not?
2026-09-08 12:22:46,478-INFO-Page 21: Scraped M Train
2026-09-08 12:22:46,479-INFO-Page 21: Scraped Lilac Girls
2026-09-08 12:22:46,479-INFO-Page 21: Scraped Lies and Other Acts of Love
2026-09-08 12:22:46,480-INFO-Page 21: Scraped Lab Girl
2026-09-08 12:22:46,480-INFO-Page 21: Scraped Keep Me Posted
2026-09-08 12:22:46,481-INFO-Page 21: Scraped It Didn't Start with You: How Inherited Family Trauma Shapes Who We Are and How to End the Cycle
2026-09-08 12:22:46,481-INFO-Page 21: Scraped Grey (Fifty Shades #4)
2026-09-08 12:22:46,482-INFO-Page 21: Scraped Exit, Pursued by a Bear
2026-09-08 12:22:46,482-INFO-Page 21: Scraped Daredevils
2026-09-08 12:22:46,483-INFO-Page 21: Scraped Cravings: Recipes for What You Want to Eat
2026-09-08 12:22:46,484-INFO-Page 21: Scraped Born for This: How to Find the Work You Were Meant to Do
2026-09-08 12:22:46,485-INFO-Page 21: Scraped Arena
2026-09-08 12:22:46,485-INFO-Page 21: Scraped Adultery
2026-09-08 12:22:46,486-INFO-Page 21: Scraped A Mother's Reckoning: Living in the Aftermath of Tragedy
2026-09-08 12:22:46,486-INFO-Page 21: Scraped A Gentleman's Position (Society of Gentlemen #3)
2026-09-08 12:22:46,487-INFO-Page 21: Scraped 11/22/63
2026-09-08 12:22:46,488-INFO-Page 21: Scraped 10% Happier: How I Tamed the Voice in My Head, Reduced Stress Without Losing My Edge, and Found Self-Help That Actually Works
2026-09-08 12:22:46,488-INFO-Page 21: Scraped 10-Day Green Smoothie Cleanse: Lose Up to 15 Pounds in 10 Days!
2026-09-08 12:22:47,519-INFO-Page 22: Scraped Without Shame
2026-09-08 12:22:47,520-INFO-Page 22: Scraped Watchmen
2026-09-08 12:22:47,520-INFO-Page 22: Scraped Unlimited Intuition Now
2026-09-08 12:22:47,520-INFO-Page 22: Scraped Underlying Notes
2026-09-08 12:22:47,521-INFO-Page 22: Scraped The Shack
2026-09-08 12:22:47,521-INFO-Page 22: Scraped The New Brand You: Your New Image Makes the Sale for You
2026-09-08 12:22:47,522-INFO-Page 22: Scraped The Moosewood Cookbook: Recipes from Moosewood Restaurant, Ithaca, New York
2026-09-08 12:22:47,522-INFO-Page 22: Scraped The Flowers Lied
2026-09-08 12:22:47,522-INFO-Page 22: Scraped The Fabric of the Cosmos: Space, Time, and the Texture of Reality
2026-09-08 12:22:47,522-INFO-Page 22: Scraped The Book of Mormon
2026-09-08 12:22:47,523-INFO-Page 22: Scraped The Art and Science of Low Carbohydrate Living
2026-09-08 12:22:47,523-INFO-Page 22: Scraped The Alien Club
2026-09-08 12:22:47,523-INFO-Page 22: Scraped Suzie Snowflake: One beautiful flake (a self-esteem story)
2026-09-08 12:22:47,523-INFO-Page 22: Scraped Nap-a-Roo
2026-09-08 12:22:47,523-INFO-Page 22: Scraped NaNo What Now? Finding your editing process, revising your NaNoWriMo book and building a writing career through publishing and beyond
2026-09-08 12:22:47,524-INFO-Page 22: Scraped Modern Day Fables
2026-09-08 12:22:47,524-INFO-Page 22: Scraped If I Gave You God's Phone Number....: Searching for Spirituality in America
2026-09-08 12:22:47,524-INFO-Page 22: Scraped Fruits Basket, Vol. 9 (Fruits Basket #9)
2026-09-08 12:22:47,524-INFO-Page 22: Scraped Dress Your Family in Corduroy and Denim
2026-09-08 12:22:47,524-INFO-Page 22: Scraped Don't Forget Steven
2026-09-08 12:22:48,357-INFO-Page 23: Scraped Chernobyl 01:23:40: The Incredible True Story of the World's Worst Nuclear Disaster
2026-09-08 12:22:48,358-INFO-Page 23: Scraped Art and Fear: Observations on the Perils (and Rewards) of Artmaking
2026-09-08 12:22:48,358-INFO-Page 23: Scraped A Shard of Ice (The Black Symphony Saga #1)
2026-09-08 12:22:48,359-INFO-Page 23: Scraped A Hero's Curse (The Unseen Chronicles #1)
2026-09-08 12:22:48,359-INFO-Page 23: Scraped 23 Degrees South: A Tropical Tale of Changing Whether...
2026-09-08 12:22:48,359-INFO-Page 23: Scraped Zero to One: Notes on Startups, or How to Build the Future
2026-09-08 12:22:48,359-INFO-Page 23: Scraped Why Not Me?
2026-09-08 12:22:48,360-INFO-Page 23: Scraped When Breath Becomes Air
2026-09-08 12:22:48,360-INFO-Page 23: Scraped Vagabonding: An Uncommon Guide to the Art of Long-Term World Travel
2026-09-08 12:22:48,360-INFO-Page 23: Scraped The Unlikely Pilgrimage of Harold Fry (Harold Fry #1)
2026-09-08 12:22:48,360-INFO-Page 23: Scraped The New Drawing on the Right Side of the Brain
2026-09-08 12:22:48,360-INFO-Page 23: Scraped The Midnight Assassin: Panic, Scandal, and the Hunt for America's First Serial Killer
2026-09-08 12:22:48,361-INFO-Page 23: Scraped The Martian (The Martian #1)
2026-09-08 12:22:48,361-INFO-Page 23: Scraped The High Mountains of Portugal
2026-09-08 12:22:48,361-INFO-Page 23: Scraped The Grownup
2026-09-08 12:22:48,361-INFO-Page 23: Scraped The E-Myth Revisited: Why Most Small Businesses Don't Work and What to Do About It
2026-09-08 12:22:48,362-INFO-Page 23: Scraped South of Sunshine
2026-09-08 12:22:48,362-INFO-Page 23: Scraped Smarter Faster Better: The Secrets of Being Productive in Life and Business
2026-09-08 12:22:48,362-INFO-Page 23: Scraped Silence in the Dark (Logan Point #4)
2026-09-08 12:22:48,362-INFO-Page 23: Scraped Shadows of the Past (Logan Point #1)
2026-09-08 12:22:49,320-INFO-Page 24: Scraped Roller Girl
2026-09-08 12:22:49,321-INFO-Page 24: Scraped Rising Strong
2026-09-08 12:22:49,321-INFO-Page 24: Scraped Proofs of God: Classical Arguments from Tertullian to Barth
2026-09-08 12:22:49,322-INFO-Page 24: Scraped Please Kill Me: The Uncensored Oral History of Punk
2026-09-08 12:22:49,322-INFO-Page 24: Scraped Out of Print: City Lights Spotlight No. 14
2026-09-08 12:22:49,322-INFO-Page 24: Scraped My Life Next Door (My Life Next Door )
2026-09-08 12:22:49,323-INFO-Page 24: Scraped Miller's Valley
2026-09-08 12:22:49,323-INFO-Page 24: Scraped Man's Search for Meaning
2026-09-08 12:22:49,323-INFO-Page 24: Scraped Love That Boy: What Two Presidents, Eight Road Trips, and My Son Taught Me About a Parent's Expectations
2026-09-08 12:22:49,323-INFO-Page 24: Scraped Living Forward: A Proven Plan to Stop Drifting and Get the Life You Want
2026-09-08 12:22:49,324-INFO-Page 24: Scraped Les Fleurs du Mal
2026-09-08 12:22:49,324-INFO-Page 24: Scraped Left Behind (Left Behind #1)
2026-09-08 12:22:49,324-INFO-Page 24: Scraped Kill 'Em and Leave: Searching for James Brown and the American Soul
2026-09-08 12:22:49,324-INFO-Page 24: Scraped Kierkegaard: A Christian Missionary to Christians
2026-09-08 12:22:49,325-INFO-Page 24: Scraped John Vassos: Industrial Design for Modern Life
2026-09-08 12:22:49,325-INFO-Page 24: Scraped I'll Give You the Sun
2026-09-08 12:22:49,325-INFO-Page 24: Scraped I Will Find You
2026-09-08 12:22:49,325-INFO-Page 24: Scraped Hystopia: A Novel
2026-09-08 12:22:49,326-INFO-Page 24: Scraped Howl and Other Poems
2026-09-08 12:22:49,326-INFO-Page 24: Scraped History of Beauty
2026-09-08 12:22:51,191-INFO-Page 25: Scraped Heaven is for Real: A Little Boy's Astounding Story of His Trip to Heaven and Back
2026-09-08 12:22:51,191-INFO-Page 25: Scraped Future Shock (Future Shock #1)
2026-09-08 12:22:51,192-INFO-Page 25: Scraped Ender's Game (The Ender Quintet #1)
2026-09-08 12:22:51,192-INFO-Page 25: Scraped Diary of a Citizen Scientist: Chasing Tiger Beetles and Other New Ways of Engaging the World
2026-09-08 12:22:51,192-INFO-Page 25: Scraped Death by Leisure: A Cautionary Tale
2026-09-08 12:22:51,193-INFO-Page 25: Scraped Brilliant Beacons: A History of the American Lighthouse
2026-09-08 12:22:51,193-INFO-Page 25: Scraped Brazen: The Courage to Find the You That's Been Hiding
2026-09-08 12:22:51,193-INFO-Page 25: Scraped Between the World and Me
2026-09-08 12:22:51,193-INFO-Page 25: Scraped Being Mortal: Medicine and What Matters in the End
2026-09-08 12:22:51,194-INFO-Page 25: Scraped A Murder Over a Girl: Justice, Gender, Junior High
2026-09-08 12:22:51,194-INFO-Page 25: Scraped 32 Yolks
2026-09-08 12:22:51,194-INFO-Page 25: Scraped "Most Blessed of the Patriarchs": Thomas Jefferson and the Empire of the Imagination
2026-09-08 12:22:51,194-INFO-Page 25: Scraped You Are a Badass: How to Stop Doubting Your Greatness and Start Living an Awesome Life
2026-09-08 12:22:51,195-INFO-Page 25: Scraped Wildlife of New York: A Five-Borough Coloring Book
2026-09-08 12:22:51,195-INFO-Page 25: Scraped What Happened on Beale Street (Secrets of the South Mysteries #2)
2026-09-08 12:22:51,195-INFO-Page 25: Scraped Unreasonable Hope: Finding Faith in the God Who Brings Purpose to Your Pain
2026-09-08 12:22:51,196-INFO-Page 25: Scraped Under the Tuscan Sun
2026-09-08 12:22:51,196-INFO-Page 25: Scraped Toddlers Are A**holes: It's Not Your Fault
2026-09-08 12:22:51,196-INFO-Page 25: Scraped The Year of Living Biblically: One Man's Humble Quest to Follow the Bible as Literally as Possible
2026-09-08 12:22:51,197-INFO-Page 25: Scraped The Whale
2026-09-08 12:22:52,173-INFO-Page 26: Scraped The Story of Art
2026-09-08 12:22:52,173-INFO-Page 26: Scraped The Origin of Species
2026-09-08 12:22:52,174-INFO-Page 26: Scraped The Great Gatsby
2026-09-08 12:22:52,174-INFO-Page 26: Scraped The Good Girl
2026-09-08 12:22:52,174-INFO-Page 26: Scraped The Glass Castle
2026-09-08 12:22:52,175-INFO-Page 26: Scraped The Faith of Christopher Hitchens: The Restless Soul of the World's Most Notorious Atheist
2026-09-08 12:22:52,175-INFO-Page 26: Scraped The Drowning Girls
2026-09-08 12:22:52,176-INFO-Page 26: Scraped The Constant Princess (The Tudor Court #1)
2026-09-08 12:22:52,176-INFO-Page 26: Scraped The Bourne Identity (Jason Bourne #1)
2026-09-08 12:22:52,176-INFO-Page 26: Scraped The Bachelor Girl's Guide to Murder (Herringford and Watts Mysteries #1)
2026-09-08 12:22:52,177-INFO-Page 26: Scraped The Art Book
2026-09-08 12:22:52,177-INFO-Page 26: Scraped The 7 Habits of Highly Effective People: Powerful Lessons in Personal Change
2026-09-08 12:22:52,177-INFO-Page 26: Scraped Team of Rivals: The Political Genius of Abraham Lincoln
2026-09-08 12:22:52,177-INFO-Page 26: Scraped Steal Like an Artist: 10 Things Nobody Told You About Being Creative
2026-09-08 12:22:52,178-INFO-Page 26: Scraped Sit, Stay, Love
2026-09-08 12:22:52,178-INFO-Page 26: Scraped Sister Dear
2026-09-08 12:22:52,178-INFO-Page 26: Scraped Shrunken Treasures: Literary Classics, Short, Sweet, and Silly
2026-09-08 12:22:52,179-INFO-Page 26: Scraped Rich Dad, Poor Dad
2026-09-08 12:22:52,179-INFO-Page 26: Scraped Raymie Nightingale
2026-09-08 12:22:52,179-INFO-Page 26: Scraped Playing from the Heart
2026-09-08 12:22:53,217-INFO-Page 27: Scraped Nightstruck: A Novel
2026-09-08 12:22:53,218-INFO-Page 27: Scraped Naturally Lean: 125 Nourishing Gluten-Free, Plant-Based Recipes--All Under 300 Calories
2026-09-08 12:22:53,218-INFO-Page 27: Scraped Meternity
2026-09-08 12:22:53,218-INFO-Page 27: Scraped Memoirs of a Geisha
2026-09-08 12:22:53,219-INFO-Page 27: Scraped Like Never Before (Walker Family #2)
2026-09-08 12:22:53,219-INFO-Page 27: Scraped Life of Pi
2026-09-08 12:22:53,219-INFO-Page 27: Scraped Leave This Song Behind: Teen Poetry at Its Best
2026-09-08 12:22:53,220-INFO-Page 27: Scraped King's Folly (The Kinsman Chronicles #1)
2026-09-08 12:22:53,220-INFO-Page 27: Scraped John Adams
2026-09-08 12:22:53,220-INFO-Page 27: Scraped How to Cook Everything Vegetarian: Simple Meatless Recipes for Great Food (How to Cook Everything)
2026-09-08 12:22:53,220-INFO-Page 27: Scraped How to Be a Domestic Goddess: Baking and the Art of Comfort Cooking
2026-09-08 12:22:53,221-INFO-Page 27: Scraped Good in Bed (Cannie Shapiro #1)
2026-09-08 12:22:53,221-INFO-Page 27: Scraped Fruits Basket, Vol. 7 (Fruits Basket #7)
2026-09-08 12:22:53,221-INFO-Page 27: Scraped For the Love: Fighting for Grace in a World of Impossible Standards
2026-09-08 12:22:53,221-INFO-Page 27: Scraped Finding God in the Ruins: How God Redeems Pain
2026-09-08 12:22:53,222-INFO-Page 27: Scraped Every Heart a Doorway (Every Heart A Doorway #1)
2026-09-08 12:22:53,222-INFO-Page 27: Scraped Delivering the Truth (Quaker Midwife Mystery #1)
2026-09-08 12:22:53,222-INFO-Page 27: Scraped Counted With the Stars (Out from Egypt #1)
2026-09-08 12:22:53,222-INFO-Page 27: Scraped Chronicles, Vol. 1
2026-09-08 12:22:53,223-INFO-Page 27: Scraped Blue Like Jazz: Nonreligious Thoughts on Christian Spirituality
2026-09-08 12:22:54,061-INFO-Page 28: Scraped Benjamin Franklin: An American Life
2026-09-08 12:22:54,061-INFO-Page 28: Scraped At The Existentialist Caf√©: Freedom, Being, and apricot cocktails with: Jean-Paul Sartre, Simone de Beauvoir, Albert Camus, Martin Heidegger, Edmund Husserl, Karl Jaspers, Maurice Merleau-Ponty and others
2026-09-08 12:22:54,061-INFO-Page 28: Scraped A Summer In Europe
2026-09-08 12:22:54,062-INFO-Page 28: Scraped A Short History of Nearly Everything
2026-09-08 12:22:54,062-INFO-Page 28: Scraped A Gathering of Shadows (Shades of Magic #2)
2026-09-08 12:22:54,062-INFO-Page 28: Scraped The Sound Of Love
2026-09-08 12:22:54,062-INFO-Page 28: Scraped The Rise and Fall of the Third Reich: A History of Nazi Germany
2026-09-08 12:22:54,062-INFO-Page 28: Scraped The Perks of Being a Wallflower
2026-09-08 12:22:54,063-INFO-Page 28: Scraped The Mysterious Affair at Styles (Hercule Poirot #1)
2026-09-08 12:22:54,063-INFO-Page 28: Scraped The Man Who Mistook His Wife for a Hat and Other Clinical Tales
2026-09-08 12:22:54,063-INFO-Page 28: Scraped The Makings of a Fatherless Child
2026-09-08 12:22:54,063-INFO-Page 28: Scraped The Joy of Cooking
2026-09-08 12:22:54,064-INFO-Page 28: Scraped The Invention of Wings
2026-09-08 12:22:54,064-INFO-Page 28: Scraped The Hobbit (Middle-Earth Universe)
2026-09-08 12:22:54,064-INFO-Page 28: Scraped The Great Railway Bazaar
2026-09-08 12:22:54,064-INFO-Page 28: Scraped The Golden Compass (His Dark Materials #1)
2026-09-08 12:22:54,064-INFO-Page 28: Scraped The God Delusion
2026-09-08 12:22:54,065-INFO-Page 28: Scraped The Girl You Left Behind (The Girl You Left Behind #1)
2026-09-08 12:22:54,065-INFO-Page 28: Scraped The Fellowship of the Ring (The Lord of the Rings #1)
2026-09-08 12:22:54,065-INFO-Page 28: Scraped The Collected Poems of W.B. Yeats (The Collected Works of W.B. Yeats #1)
2026-09-08 12:22:55,040-INFO-Page 29: Scraped The Barefoot Contessa Cookbook
2026-09-08 12:22:55,040-INFO-Page 29: Scraped Tell the Wolves I'm Home
2026-09-08 12:22:55,040-INFO-Page 29: Scraped Ship Leaves Harbor: Essays on Travel by a Recovering Journeyman
2026-09-08 12:22:55,040-INFO-Page 29: Scraped Pride and Prejudice
2026-09-08 12:22:55,041-INFO-Page 29: Scraped Musicophilia: Tales of Music and the Brain
2026-09-08 12:22:55,041-INFO-Page 29: Scraped Mere Christianity
2026-09-08 12:22:55,041-INFO-Page 29: Scraped Me Before You (Me Before You #1)
2026-09-08 12:22:55,041-INFO-Page 29: Scraped In the Woods (Dublin Murder Squad #1)
2026-09-08 12:22:55,041-INFO-Page 29: Scraped In Cold Blood
2026-09-08 12:22:55,042-INFO-Page 29: Scraped How to Stop Worrying and Start Living
2026-09-08 12:22:55,042-INFO-Page 29: Scraped Give It Back
2026-09-08 12:22:55,042-INFO-Page 29: Scraped Girl, Interrupted
2026-09-08 12:22:55,043-INFO-Page 29: Scraped Fun Home: A Family Tragicomic
2026-09-08 12:22:55,043-INFO-Page 29: Scraped Fruits Basket, Vol. 6 (Fruits Basket #6)
2026-09-08 12:22:55,044-INFO-Page 29: Scraped Deception Point
2026-09-08 12:22:55,044-INFO-Page 29: Scraped Death Note, Vol. 6: Give-and-Take (Death Note #6)
2026-09-08 12:22:55,045-INFO-Page 29: Scraped Catherine the Great: Portrait of a Woman
2026-09-08 12:22:55,046-INFO-Page 29: Scraped Better Homes and Gardens New Cook Book
2026-09-08 12:22:55,046-INFO-Page 29: Scraped An Unquiet Mind: A Memoir of Moods and Madness
2026-09-08 12:22:55,046-INFO-Page 29: Scraped A Year in Provence (Provence #1)
2026-09-08 12:22:55,959-INFO-Page 30: Scraped World Without End (The Pillars of the Earth #2)
2026-09-08 12:22:55,960-INFO-Page 30: Scraped Will Grayson, Will Grayson (Will Grayson, Will Grayson)
2026-09-08 12:22:55,961-INFO-Page 30: Scraped Why Save the Bankers?: And Other Essays on Our Economic and Political Crisis
2026-09-08 12:22:55,961-INFO-Page 30: Scraped Where She Went (If I Stay #2)
2026-09-08 12:22:55,961-INFO-Page 30: Scraped What If?: Serious Scientific Answers to Absurd Hypothetical Questions
2026-09-08 12:22:55,962-INFO-Page 30: Scraped Two Summers
2026-09-08 12:22:55,962-INFO-Page 30: Scraped This Is Your Brain on Music: The Science of a Human Obsession
2026-09-08 12:22:55,963-INFO-Page 30: Scraped The Secret Garden
2026-09-08 12:22:55,963-INFO-Page 30: Scraped The Raven King (The Raven Cycle #4)
2026-09-08 12:22:55,963-INFO-Page 30: Scraped The Raven Boys (The Raven Cycle #1)
2026-09-08 12:22:55,964-INFO-Page 30: Scraped The Power Greens Cookbook: 140 Delicious Superfood Recipes
2026-09-08 12:22:55,964-INFO-Page 30: Scraped The Metamorphosis
2026-09-08 12:22:55,964-INFO-Page 30: Scraped The Mathews Men: Seven Brothers and the War Against Hitler's U-boats
2026-09-08 12:22:55,964-INFO-Page 30: Scraped The Little Paris Bookshop
2026-09-08 12:22:55,965-INFO-Page 30: Scraped The Hiding Place
2026-09-08 12:22:55,965-INFO-Page 30: Scraped The Grand Design
2026-09-08 12:22:55,965-INFO-Page 30: Scraped The Firm
2026-09-08 12:22:55,966-INFO-Page 30: Scraped The Fault in Our Stars
2026-09-08 12:22:55,966-INFO-Page 30: Scraped The False Prince (The Ascendance Trilogy #1)
2026-09-08 12:22:55,966-INFO-Page 30: Scraped The Expatriates
2026-09-08 12:22:56,967-INFO-Page 31: Scraped The Dream Thieves (The Raven Cycle #2)
2026-09-08 12:22:56,967-INFO-Page 31: Scraped The Darkest Corners
2026-09-08 12:22:56,968-INFO-Page 31: Scraped The Crossover
2026-09-08 12:22:56,968-INFO-Page 31: Scraped The 5th Wave (The 5th Wave #1)
2026-09-08 12:22:56,969-INFO-Page 31: Scraped Tell the Wind and Fire
2026-09-08 12:22:56,970-INFO-Page 31: Scraped Tell Me Three Things
2026-09-08 12:22:56,971-INFO-Page 31: Scraped Talking to Girls About Duran Duran: One Young Man's Quest for True Love and a Cooler Haircut
2026-09-08 12:22:56,971-INFO-Page 31: Scraped Siddhartha
2026-09-08 12:22:56,971-INFO-Page 31: Scraped Shiver (The Wolves of Mercy Falls #1)
2026-09-08 12:22:56,971-INFO-Page 31: Scraped Remember Me?
2026-09-08 12:22:56,971-INFO-Page 31: Scraped Red Dragon (Hannibal Lecter #1)
2026-09-08 12:22:56,972-INFO-Page 31: Scraped Peak: Secrets from the New Science of Expertise
2026-09-08 12:22:56,972-INFO-Page 31: Scraped My Mother Was Nuts
2026-09-08 12:22:56,972-INFO-Page 31: Scraped Mexican Today: New and Rediscovered Recipes for Contemporary Kitchens
2026-09-08 12:22:56,973-INFO-Page 31: Scraped Maybe Something Beautiful: How Art Transformed a Neighborhood
2026-09-08 12:22:56,973-INFO-Page 31: Scraped Lola and the Boy Next Door (Anna and the French Kiss #2)
2026-09-08 12:22:56,973-INFO-Page 31: Scraped Logan Kade (Fallen Crest High #5.5)
2026-09-08 12:22:56,973-INFO-Page 31: Scraped Last One Home (New Beginnings #1)
2026-09-08 12:22:56,974-INFO-Page 31: Scraped Killing Floor (Jack Reacher #1)
2026-09-08 12:22:56,974-INFO-Page 31: Scraped Kill the Boy Band
2026-09-08 12:22:57,954-INFO-Page 32: Scraped Isla and the Happily Ever After (Anna and the French Kiss #3)
2026-09-08 12:22:57,955-INFO-Page 32: Scraped If I Stay (If I Stay #1)
2026-09-08 12:22:57,956-INFO-Page 32: Scraped I Know Why the Caged Bird Sings (Maya Angelou's Autobiography #1)
2026-09-08 12:22:57,957-INFO-Page 32: Scraped Harry Potter and the Deathly Hallows (Harry Potter #7)
2026-09-08 12:22:57,958-INFO-Page 32: Scraped Fruits Basket, Vol. 5 (Fruits Basket #5)
2026-09-08 12:22:57,959-INFO-Page 32: Scraped Foundation (Foundation (Publication Order) #1)
2026-09-08 12:22:57,960-INFO-Page 32: Scraped Fool Me Once
2026-09-08 12:22:57,961-INFO-Page 32: Scraped Find Her (Detective D.D. Warren #8)
2026-09-08 12:22:57,962-INFO-Page 32: Scraped Evicted: Poverty and Profit in the American City
2026-09-08 12:22:57,962-INFO-Page 32: Scraped Drama
2026-09-08 12:22:57,963-INFO-Page 32: Scraped Dracula the Un-Dead
2026-09-08 12:22:57,963-INFO-Page 32: Scraped Digital Fortress
2026-09-08 12:22:57,964-INFO-Page 32: Scraped Death Note, Vol. 5: Whiteout (Death Note #5)
2026-09-08 12:22:57,964-INFO-Page 32: Scraped Data, A Love Story: How I Gamed Online Dating to Meet My Match
2026-09-08 12:22:57,964-INFO-Page 32: Scraped Critique of Pure Reason
2026-09-08 12:22:57,964-INFO-Page 32: Scraped Booked
2026-09-08 12:22:57,965-INFO-Page 32: Scraped Blue Lily, Lily Blue (The Raven Cycle #3)
2026-09-08 12:22:57,965-INFO-Page 32: Scraped Approval Junkie: Adventures in Caring Too Much
2026-09-08 12:22:57,966-INFO-Page 32: Scraped An Abundance of Katherines
2026-09-08 12:22:57,966-INFO-Page 32: Scraped America's War for the Greater Middle East: A Military History
2026-09-08 12:22:59,001-INFO-Page 33: Scraped Alight (The Generations Trilogy #2)
2026-09-08 12:22:59,002-INFO-Page 33: Scraped A Girl's Guide to Moving On (New Beginnings #2)
2026-09-08 12:22:59,002-INFO-Page 33: Scraped A Game of Thrones (A Song of Ice and Fire #1)
2026-09-08 12:22:59,002-INFO-Page 33: Scraped A Feast for Crows (A Song of Ice and Fire #4)
2026-09-08 12:22:59,002-INFO-Page 33: Scraped A Clash of Kings (A Song of Ice and Fire #2)
2026-09-08 12:22:59,002-INFO-Page 33: Scraped Vogue Colors A to Z: A Fashion Coloring Book
2026-09-08 12:22:59,003-INFO-Page 33: Scraped The Shining (The Shining #1)
2026-09-08 12:22:59,003-INFO-Page 33: Scraped The Pilgrim's Progress
2026-09-08 12:22:59,003-INFO-Page 33: Scraped The Perfect Play (Play by Play #1)
2026-09-08 12:22:59,004-INFO-Page 33: Scraped The Passion of Dolssa
2026-09-08 12:22:59,004-INFO-Page 33: Scraped The Jazz of Physics: The Secret Link Between Music and the Structure of the Universe
2026-09-08 12:22:59,004-INFO-Page 33: Scraped The Hunger Games (The Hunger Games #1)
2026-09-08 12:22:59,004-INFO-Page 33: Scraped The Hound of the Baskervilles (Sherlock Holmes #5)
2026-09-08 12:22:59,004-INFO-Page 33: Scraped The Gunning of America: Business and the Making of American Gun Culture
2026-09-08 12:22:59,005-INFO-Page 33: Scraped The Geography of Bliss: One Grump's Search for the Happiest Places in the World
2026-09-08 12:22:59,005-INFO-Page 33: Scraped The Demonists (Demonist #1)
2026-09-08 12:22:59,005-INFO-Page 33: Scraped The Demon Prince of Momochi House, Vol. 4 (The Demon Prince of Momochi House #4)
2026-09-08 12:22:59,005-INFO-Page 33: Scraped The Bone Hunters (Lexy Vaughan & Steven Macaulay #2)
2026-09-08 12:22:59,005-INFO-Page 33: Scraped The Beast (Black Dagger Brotherhood #14)
2026-09-08 12:22:59,005-INFO-Page 33: Scraped Some Women
2026-09-08 12:22:59,984-INFO-Page 34: Scraped Shopaholic Ties the Knot (Shopaholic #3)
2026-09-08 12:22:59,984-INFO-Page 34: Scraped Paper and Fire (The Great Library #2)
2026-09-08 12:22:59,984-INFO-Page 34: Scraped Outlander (Outlander #1)
2026-09-08 12:22:59,984-INFO-Page 34: Scraped Orchestra of Exiles: The Story of Bronislaw Huberman, the Israel Philharmonic, and the One Thousand Jews He Saved from Nazi Horrors
2026-09-08 12:22:59,985-INFO-Page 34: Scraped No One Here Gets Out Alive
2026-09-08 12:22:59,985-INFO-Page 34: Scraped Night Shift (Night Shift #1-20)
2026-09-08 12:22:59,985-INFO-Page 34: Scraped Needful Things
2026-09-08 12:22:59,985-INFO-Page 34: Scraped Mockingjay (The Hunger Games #3)
2026-09-08 12:22:59,986-INFO-Page 34: Scraped Misery
2026-09-08 12:22:59,986-INFO-Page 34: Scraped Little Women (Little Women #1)
2026-09-08 12:22:59,986-INFO-Page 34: Scraped It
2026-09-08 12:22:59,987-INFO-Page 34: Scraped Harry Potter and the Sorcerer's Stone (Harry Potter #1)
2026-09-08 12:22:59,988-INFO-Page 34: Scraped Harry Potter and the Prisoner of Azkaban (Harry Potter #3)
2026-09-08 12:22:59,988-INFO-Page 34: Scraped Harry Potter and the Order of the Phoenix (Harry Potter #5)
2026-09-08 12:22:59,988-INFO-Page 34: Scraped Harry Potter and the Half-Blood Prince (Harry Potter #6)
2026-09-08 12:22:59,988-INFO-Page 34: Scraped Harry Potter and the Chamber of Secrets (Harry Potter #2)
2026-09-08 12:22:59,989-INFO-Page 34: Scraped Gone with the Wind
2026-09-08 12:22:59,989-INFO-Page 34: Scraped God Is Not Great: How Religion Poisons Everything
2026-09-08 12:22:59,989-INFO-Page 34: Scraped Girl With a Pearl Earring
2026-09-08 12:22:59,989-INFO-Page 34: Scraped Fruits Basket, Vol. 4 (Fruits Basket #4)
2026-09-08 12:23:07,226-INFO-Page 35: Scraped Far From True (Promise Falls Trilogy #2)
2026-09-08 12:23:07,226-INFO-Page 35: Scraped Dark Lover (Black Dagger Brotherhood #1)
2026-09-08 12:23:07,227-INFO-Page 35: Scraped Confessions of a Shopaholic (Shopaholic #1)
2026-09-08 12:23:07,227-INFO-Page 35: Scraped Changing the Game (Play by Play #2)
2026-09-08 12:23:07,227-INFO-Page 35: Scraped Candide
2026-09-08 12:23:07,228-INFO-Page 35: Scraped Can You Keep a Secret?
2026-09-08 12:23:07,228-INFO-Page 35: Scraped Atlas Shrugged
2026-09-08 12:23:07,228-INFO-Page 35: Scraped Animal Farm
2026-09-08 12:23:07,228-INFO-Page 35: Scraped A Walk to Remember
2026-09-08 12:23:07,229-INFO-Page 35: Scraped A New Earth: Awakening to Your Life's Purpose
2026-09-08 12:23:07,229-INFO-Page 35: Scraped A History of God: The 4,000-Year Quest of Judaism, Christianity, and Islam
2026-09-08 12:23:07,229-INFO-Page 35: Scraped 'Salem's Lot
2026-09-08 12:23:07,230-INFO-Page 35: Scraped Zero History (Blue Ant #3)
2026-09-08 12:23:07,230-INFO-Page 35: Scraped Wuthering Heights
2026-09-08 12:23:07,230-INFO-Page 35: Scraped World War Z: An Oral History of the Zombie War
2026-09-08 12:23:07,231-INFO-Page 35: Scraped Wild: From Lost to Found on the Pacific Crest Trail
2026-09-08 12:23:07,231-INFO-Page 35: Scraped Where'd You Go, Bernadette
2026-09-08 12:23:07,231-INFO-Page 35: Scraped When You Are Engulfed in Flames
2026-09-08 12:23:07,231-INFO-Page 35: Scraped We the People: The Modern-Day Figures Who Have Reshaped and Affirmed the Founding Fathers' Vision of America
2026-09-08 12:23:07,232-INFO-Page 35: Scraped We Are All Completely Beside Ourselves
2026-09-08 12:23:08,867-INFO-Page 36: Scraped Walk the Edge (Thunder Road #2)
2026-09-08 12:23:08,868-INFO-Page 36: Scraped Voyager (Outlander #3)
2026-09-08 12:23:08,869-INFO-Page 36: Scraped Very Good Lives: The Fringe Benefits of Failure and the Importance of Imagination
2026-09-08 12:23:08,871-INFO-Page 36: Scraped Vegan Vegetarian Omnivore: Dinner for Everyone at the Table
2026-09-08 12:23:08,872-INFO-Page 36: Scraped Unstuffed: Decluttering Your Home, Mind, and Soul
2026-09-08 12:23:08,875-INFO-Page 36: Scraped Under the Banner of Heaven: A Story of Violent Faith
2026-09-08 12:23:08,877-INFO-Page 36: Scraped Two Boys Kissing
2026-09-08 12:23:08,878-INFO-Page 36: Scraped Twilight (Twilight #1)
2026-09-08 12:23:08,882-INFO-Page 36: Scraped Twenties Girl
2026-09-08 12:23:08,883-INFO-Page 36: Scraped Trespassing Across America: One Man's Epic, Never-Done-Before (and Sort of Illegal) Hike Across the Heartland
2026-09-08 12:23:08,885-INFO-Page 36: Scraped Three-Martini Lunch
2026-09-08 12:23:08,888-INFO-Page 36: Scraped Thinking, Fast and Slow
2026-09-08 12:23:08,889-INFO-Page 36: Scraped The Wild Robot
2026-09-08 12:23:08,890-INFO-Page 36: Scraped The Wicked + The Divine, Vol. 3: Commercial Suicide (The Wicked + The Divine)
2026-09-08 12:23:08,895-INFO-Page 36: Scraped The Undomestic Goddess
2026-09-08 12:23:08,898-INFO-Page 36: Scraped The Travelers
2026-09-08 12:23:08,900-INFO-Page 36: Scraped The Tipping Point: How Little Things Can Make a Big Difference
2026-09-08 12:23:08,901-INFO-Page 36: Scraped The Thing About Jellyfish
2026-09-08 12:23:08,902-INFO-Page 36: Scraped The Stand
2026-09-08 12:23:08,904-INFO-Page 36: Scraped The Smitten Kitchen Cookbook
2026-09-08 12:23:10,445-INFO-Page 37: Scraped The Silkworm (Cormoran Strike #2)
2026-09-08 12:23:10,447-INFO-Page 37: Scraped The Sandman, Vol. 3: Dream Country (The Sandman (volumes) #3)
2026-09-08 12:23:10,452-INFO-Page 37: Scraped The Rose & the Dagger (The Wrath and the Dawn #2)
2026-09-08 12:23:10,456-INFO-Page 37: Scraped The Road to Little Dribbling: Adventures of an American in Britain (Notes From a Small Island #2)
2026-09-08 12:23:10,461-INFO-Page 37: Scraped The Rise of Theodore Roosevelt (Theodore Roosevelt #1)
2026-09-08 12:23:10,467-INFO-Page 37: Scraped The Restaurant at the End of the Universe (Hitchhiker's Guide to the Galaxy #2)
2026-09-08 12:23:10,473-INFO-Page 37: Scraped The Rest Is Noise: Listening to the Twentieth Century
2026-09-08 12:23:10,476-INFO-Page 37: Scraped The Red Tent
2026-09-08 12:23:10,479-INFO-Page 37: Scraped The Purpose Driven Life: What on Earth Am I Here for?
2026-09-08 12:23:10,481-INFO-Page 37: Scraped The Purest Hook (Second Circle Tattoos #3)
2026-09-08 12:23:10,482-INFO-Page 37: Scraped The Picture of Dorian Gray
2026-09-08 12:23:10,483-INFO-Page 37: Scraped The Paris Wife
2026-09-08 12:23:10,484-INFO-Page 37: Scraped The Obsession
2026-09-08 12:23:10,490-INFO-Page 37: Scraped The Nightingale
2026-09-08 12:23:10,492-INFO-Page 37: Scraped The New Guy (and Other Senior Year Distractions)
2026-09-08 12:23:10,493-INFO-Page 37: Scraped The Nanny Diaries (Nanny #1)
2026-09-08 12:23:10,497-INFO-Page 37: Scraped The Name of God is Mercy
2026-09-08 12:23:10,498-INFO-Page 37: Scraped The Maze Runner (The Maze Runner #1)
2026-09-08 12:23:10,499-INFO-Page 37: Scraped The Lover's Dictionary
2026-09-08 12:23:10,500-INFO-Page 37: Scraped The Lonely Ones
2026-09-08 12:23:12,100-INFO-Page 38: Scraped The Lean Startup: How Today's Entrepreneurs Use Continuous Innovation to Create Radically Successful Businesses
2026-09-08 12:23:12,104-INFO-Page 38: Scraped The Last Painting of Sara de Vos
2026-09-08 12:23:12,112-INFO-Page 38: Scraped The Land of 10,000 Madonnas
2026-09-08 12:23:12,118-INFO-Page 38: Scraped The Infinities
2026-09-08 12:23:12,123-INFO-Page 38: Scraped The Husband's Secret
2026-09-08 12:23:12,129-INFO-Page 38: Scraped The Hitchhiker's Guide to the Galaxy (Hitchhiker's Guide to the Galaxy #1)
2026-09-08 12:23:12,130-INFO-Page 38: Scraped The Guns of August
2026-09-08 12:23:12,132-INFO-Page 38: Scraped The Guernsey Literary and Potato Peel Pie Society
2026-09-08 12:23:12,134-INFO-Page 38: Scraped The Goldfinch
2026-09-08 12:23:12,140-INFO-Page 38: Scraped The Giver (The Giver Quartet #1)
2026-09-08 12:23:12,147-INFO-Page 38: Scraped The Girl with All the Gifts
2026-09-08 12:23:12,150-INFO-Page 38: Scraped The Girl Who Played with Fire (Millennium Trilogy #2)
2026-09-08 12:23:12,151-INFO-Page 38: Scraped The Girl Who Kicked the Hornet's Nest (Millennium Trilogy #3)
2026-09-08 12:23:12,153-INFO-Page 38: Scraped The Exiled
2026-09-08 12:23:12,154-INFO-Page 38: Scraped The End of Faith: Religion, Terror, and the Future of Reason
2026-09-08 12:23:12,157-INFO-Page 38: Scraped The Elegant Universe: Superstrings, Hidden Dimensions, and the Quest for the Ultimate Theory
2026-09-08 12:23:12,158-INFO-Page 38: Scraped The Disappearing Spoon: And Other True Tales of Madness, Love, and the History of the World from the Periodic Table of the Elements
2026-09-08 12:23:12,164-INFO-Page 38: Scraped The Devil Wears Prada (The Devil Wears Prada #1)
2026-09-08 12:23:12,166-INFO-Page 38: Scraped The Demon-Haunted World: Science as a Candle in the Dark
2026-09-08 12:23:12,167-INFO-Page 38: Scraped The Day the Crayons Came Home (Crayons)
2026-09-08 12:23:13,552-INFO-Page 39: Scraped The Da Vinci Code (Robert Langdon #2)
2026-09-08 12:23:13,552-INFO-Page 39: Scraped The Cuckoo's Calling (Cormoran Strike #1)
2026-09-08 12:23:13,553-INFO-Page 39: Scraped The Complete Stories and Poems (The Works of Edgar Allan Poe [Cameo Edition])
2026-09-08 12:23:13,554-INFO-Page 39: Scraped The Complete Poems
2026-09-08 12:23:13,554-INFO-Page 39: Scraped The Catcher in the Rye
2026-09-08 12:23:13,555-INFO-Page 39: Scraped The Cat in the Hat (Beginner Books B-1)
2026-09-08 12:23:13,556-INFO-Page 39: Scraped The Case for Christ (Cases for Christianity)
2026-09-08 12:23:13,556-INFO-Page 39: Scraped The Book Thief
2026-09-08 12:23:13,557-INFO-Page 39: Scraped The Book of Basketball: The NBA According to The Sports Guy
2026-09-08 12:23:13,558-INFO-Page 39: Scraped The Blind Side: Evolution of a Game
2026-09-08 12:23:13,568-INFO-Page 39: Scraped The Autobiography of Malcolm X
2026-09-08 12:23:13,572-INFO-Page 39: Scraped The Art of Simple Food: Notes, Lessons, and Recipes from a Delicious Revolution
2026-09-08 12:23:13,573-INFO-Page 39: Scraped The Art of Fielding
2026-09-08 12:23:13,580-INFO-Page 39: Scraped Surely You're Joking, Mr. Feynman!: Adventures of a Curious Character
2026-09-08 12:23:13,582-INFO-Page 39: Scraped Stiff: The Curious Lives of Human Cadavers
2026-09-08 12:23:13,588-INFO-Page 39: Scraped Spilled Milk: Based on a True Story
2026-09-08 12:23:13,590-INFO-Page 39: Scraped Something Borrowed (Darcy & Rachel #1)
2026-09-08 12:23:13,592-INFO-Page 39: Scraped Something Blue (Darcy & Rachel #2)
2026-09-08 12:23:13,597-INFO-Page 39: Scraped Soldier (Talon #3)
2026-09-08 12:23:13,600-INFO-Page 39: Scraped Shopaholic & Baby (Shopaholic #5)
2026-09-08 12:23:15,100-INFO-Page 40: Scraped Seven Days in the Art World
2026-09-08 12:23:15,114-INFO-Page 40: Scraped Seven Brief Lessons on Physics
2026-09-08 12:23:15,129-INFO-Page 40: Scraped Scarlet (The Lunar Chronicles #2)
2026-09-08 12:23:15,175-INFO-Page 40: Scraped Sarah's Key
2026-09-08 12:23:15,177-INFO-Page 40: Scraped Saga, Volume 3 (Saga (Collected Editions) #3)
2026-09-08 12:23:15,178-INFO-Page 40: Scraped Running with Scissors
2026-09-08 12:23:15,179-INFO-Page 40: Scraped Rogue Lawyer (Rogue Lawyer #1)
2026-09-08 12:23:15,180-INFO-Page 40: Scraped Rise of the Rocket Girls: The Women Who Propelled Us, from Missiles to the Moon to Mars
2026-09-08 12:23:15,181-INFO-Page 40: Scraped Rework
2026-09-08 12:23:15,184-INFO-Page 40: Scraped Reservations for Two
2026-09-08 12:23:15,185-INFO-Page 40: Scraped Red: The True Story of Red Riding Hood
2026-09-08 12:23:15,188-INFO-Page 40: Scraped Ready Player One
2026-09-08 12:23:15,189-INFO-Page 40: Scraped Quiet: The Power of Introverts in a World That Can't Stop Talking
2026-09-08 12:23:15,193-INFO-Page 40: Scraped Prodigy: The Graphic Novel (Legend: The Graphic Novel #2)
2026-09-08 12:23:15,195-INFO-Page 40: Scraped Persepolis: The Story of a Childhood (Persepolis #1-2)
2026-09-08 12:23:15,196-INFO-Page 40: Scraped Packing for Mars: The Curious Science of Life in the Void
2026-09-08 12:23:15,198-INFO-Page 40: Scraped Outliers: The Story of Success
2026-09-08 12:23:15,199-INFO-Page 40: Scraped Original Fake
2026-09-08 12:23:15,201-INFO-Page 40: Scraped Orange Is the New Black
2026-09-08 12:23:15,203-INFO-Page 40: Scraped One for the Money (Stephanie Plum #1)
2026-09-08 12:23:16,657-INFO-Page 41: Scraped Notes from a Small Island (Notes From a Small Island #1)
2026-09-08 12:23:16,659-INFO-Page 41: Scraped Night (The Night Trilogy #1)
2026-09-08 12:23:16,662-INFO-Page 41: Scraped Neither Here nor There: Travels in Europe
2026-09-08 12:23:16,680-INFO-Page 41: Scraped Naked
2026-09-08 12:23:16,682-INFO-Page 41: Scraped Morning Star (Red Rising #3)
2026-09-08 12:23:16,684-INFO-Page 41: Scraped Miracles from Heaven: A Little Girl, Her Journey to Heaven, and Her Amazing Story of Healing
2026-09-08 12:23:16,693-INFO-Page 41: Scraped Midnight Riot (Peter Grant/ Rivers of London - books #1)
2026-09-08 12:23:16,696-INFO-Page 41: Scraped Me Talk Pretty One Day
2026-09-08 12:23:16,700-INFO-Page 41: Scraped Manuscript Found in Accra
2026-09-08 12:23:16,704-INFO-Page 41: Scraped Lust & Wonder
2026-09-08 12:23:16,707-INFO-Page 41: Scraped Lila (Gilead #3)
2026-09-08 12:23:16,713-INFO-Page 41: Scraped Life, the Universe and Everything (Hitchhiker's Guide to the Galaxy #3)
2026-09-08 12:23:16,716-INFO-Page 41: Scraped Life Without a Recipe
2026-09-08 12:23:16,718-INFO-Page 41: Scraped Life After Life
2026-09-08 12:23:16,723-INFO-Page 41: Scraped Letter to a Christian Nation
2026-09-08 12:23:16,725-INFO-Page 41: Scraped Let's Pretend This Never Happened: A Mostly True Memoir
2026-09-08 12:23:16,731-INFO-Page 41: Scraped Legend (Legend #1)
2026-09-08 12:23:16,733-INFO-Page 41: Scraped Lean In: Women, Work, and the Will to Lead
2026-09-08 12:23:16,737-INFO-Page 41: Scraped Lamb: The Gospel According to Biff, Christ's Childhood Pal
2026-09-08 12:23:16,742-INFO-Page 41: Scraped Lady Renegades (Rebel Belle #3)
2026-09-08 12:23:18,227-INFO-Page 42: Scraped Jurassic Park (Jurassic Park #1)
2026-09-08 12:23:18,229-INFO-Page 42: Scraped It's Never Too Late to Begin Again: Discovering Creativity and Meaning at Midlife and Beyond
2026-09-08 12:23:18,231-INFO-Page 42: Scraped Is Everyone Hanging Out Without Me? (And Other Concerns)
2026-09-08 12:23:18,234-INFO-Page 42: Scraped Into the Wild
2026-09-08 12:23:18,239-INFO-Page 42: Scraped Inferno (Robert Langdon #4)
2026-09-08 12:23:18,242-INFO-Page 42: Scraped In the Garden of Beasts: Love, Terror, and an American Family in Hitler's Berlin
2026-09-08 12:23:18,247-INFO-Page 42: Scraped If I Run (If I Run #1)
2026-09-08 12:23:18,249-INFO-Page 42: Scraped I've Got Your Number
2026-09-08 12:23:18,256-INFO-Page 42: Scraped I Am Malala: The Girl Who Stood Up for Education and Was Shot by the Taliban
2026-09-08 12:23:18,261-INFO-Page 42: Scraped Hungry Girl Clean & Hungry: Easy All-Natural Recipes for Healthy Eating in the Real World
2026-09-08 12:23:18,265-INFO-Page 42: Scraped House of Lost Worlds: Dinosaurs, Dynasties, and the Story of Life on Earth
2026-09-08 12:23:18,268-INFO-Page 42: Scraped House of Leaves
2026-09-08 12:23:18,276-INFO-Page 42: Scraped Horrible Bear!
2026-09-08 12:23:18,281-INFO-Page 42: Scraped Holidays on Ice
2026-09-08 12:23:18,284-INFO-Page 42: Scraped Heir to the Sky
2026-09-08 12:23:18,289-INFO-Page 42: Scraped Green Eggs and Ham (Beginner Books B-16)
2026-09-08 12:23:18,293-INFO-Page 42: Scraped Grayson, Vol 3: Nemesis (Grayson #3)
2026-09-08 12:23:18,299-INFO-Page 42: Scraped Gratitude
2026-09-08 12:23:18,305-INFO-Page 42: Scraped Gone Girl
2026-09-08 12:23:18,311-INFO-Page 42: Scraped Golden (Heart of Dread #3)
2026-09-08 12:23:19,833-INFO-Page 43: Scraped Girl in the Blue Coat
2026-09-08 12:23:19,834-INFO-Page 43: Scraped Fruits Basket, Vol. 3 (Fruits Basket #3)
2026-09-08 12:23:19,836-INFO-Page 43: Scraped Friday Night Lights: A Town, a Team, and a Dream
2026-09-08 12:23:19,837-INFO-Page 43: Scraped Fire Bound (Sea Haven/Sisters of the Heart #5)
2026-09-08 12:23:19,840-INFO-Page 43: Scraped Fifty Shades Freed (Fifty Shades #3)
2026-09-08 12:23:19,845-INFO-Page 43: Scraped Fellside
2026-09-08 12:23:19,847-INFO-Page 43: Scraped Extreme Prey (Lucas Davenport #26)
2026-09-08 12:23:19,850-INFO-Page 43: Scraped Eragon (The Inheritance Cycle #1)
2026-09-08 12:23:19,853-INFO-Page 43: Scraped Eclipse (Twilight #3)
2026-09-08 12:23:19,856-INFO-Page 43: Scraped Dune (Dune #1)
2026-09-08 12:23:19,862-INFO-Page 43: Scraped Dracula
2026-09-08 12:23:19,864-INFO-Page 43: Scraped Do Androids Dream of Electric Sheep? (Blade Runner #1)
2026-09-08 12:23:19,866-INFO-Page 43: Scraped Disrupted: My Misadventure in the Start-Up Bubble
2026-09-08 12:23:19,867-INFO-Page 43: Scraped Dead Wake: The Last Crossing of the Lusitania
2026-09-08 12:23:19,871-INFO-Page 43: Scraped David and Goliath: Underdogs, Misfits, and the Art of Battling Giants
2026-09-08 12:23:19,872-INFO-Page 43: Scraped Darkfever (Fever #1)
2026-09-08 12:23:19,873-INFO-Page 43: Scraped Dark Places
2026-09-08 12:23:19,878-INFO-Page 43: Scraped Crazy Rich Asians (Crazy Rich Asians #1)
2026-09-08 12:23:19,879-INFO-Page 43: Scraped Counting Thyme
2026-09-08 12:23:19,880-INFO-Page 43: Scraped Cosmos
2026-09-08 12:23:21,281-INFO-Page 44: Scraped Civilization and Its Discontents
2026-09-08 12:23:21,288-INFO-Page 44: Scraped Cinder (The Lunar Chronicles #1)
2026-09-08 12:23:21,291-INFO-Page 44: Scraped Catastrophic Happiness: Finding Joy in Childhood's Messy Years
2026-09-08 12:23:21,294-INFO-Page 44: Scraped Career of Evil (Cormoran Strike #3)
2026-09-08 12:23:21,297-INFO-Page 44: Scraped Breaking Dawn (Twilight #4)
2026-09-08 12:23:21,299-INFO-Page 44: Scraped Brave Enough
2026-09-08 12:23:21,307-INFO-Page 44: Scraped Boy Meets Boy
2026-09-08 12:23:21,310-INFO-Page 44: Scraped Born to Run: A Hidden Tribe, Superathletes, and the Greatest Race the World Has Never Seen
2026-09-08 12:23:21,313-INFO-Page 44: Scraped Blink: The Power of Thinking Without Thinking
2026-09-08 12:23:21,315-INFO-Page 44: Scraped Black Flags: The Rise of ISIS
2026-09-08 12:23:21,318-INFO-Page 44: Scraped Black Butler, Vol. 1 (Black Butler #1)
2026-09-08 12:23:21,327-INFO-Page 44: Scraped Big Little Lies
2026-09-08 12:23:21,329-INFO-Page 44: Scraped Between Shades of Gray
2026-09-08 12:23:21,332-INFO-Page 44: Scraped Best of My Love (Fool's Gold #20)
2026-09-08 12:23:21,338-INFO-Page 44: Scraped Beowulf
2026-09-08 12:23:21,343-INFO-Page 44: Scraped Beautiful Creatures (Caster Chronicles #1)
2026-09-08 12:23:21,354-INFO-Page 44: Scraped Awkward
2026-09-08 12:23:21,360-INFO-Page 44: Scraped Ash
2026-09-08 12:23:21,361-INFO-Page 44: Scraped Are We There Yet?
2026-09-08 12:23:21,363-INFO-Page 44: Scraped Are We Smart Enough to Know How Smart Animals Are?
2026-09-08 12:23:23,384-INFO-Page 45: Scraped Annie on My Mind
2026-09-08 12:23:23,386-INFO-Page 45: Scraped And Then There Were None
2026-09-08 12:23:23,388-INFO-Page 45: Scraped A Walk in the Woods: Rediscovering America on the Appalachian Trail
2026-09-08 12:23:23,390-INFO-Page 45: Scraped A Visit from the Goon Squad
2026-09-08 12:23:23,392-INFO-Page 45: Scraped A Storm of Swords (A Song of Ice and Fire #3)
2026-09-08 12:23:23,394-INFO-Page 45: Scraped A Heartbreaking Work of Staggering Genius
2026-09-08 12:23:23,396-INFO-Page 45: Scraped 8 Keys to Mental Health Through Exercise
2026-09-08 12:23:23,399-INFO-Page 45: Scraped #GIRLBOSS
2026-09-08 12:23:23,404-INFO-Page 45: Scraped The Suffragettes (Little Black Classics, #96)
2026-09-08 12:23:23,405-INFO-Page 45: Scraped The Sense of an Ending
2026-09-08 12:23:23,410-INFO-Page 45: Scraped The Sandman, Vol. 2: The Doll's House (The Sandman (volumes) #2)
2026-09-08 12:23:23,412-INFO-Page 45: Scraped The Course of Love
2026-09-08 12:23:23,414-INFO-Page 45: Scraped Sugar Rush (Offensive Line #2)
2026-09-08 12:23:23,423-INFO-Page 45: Scraped Saga, Volume 2 (Saga (Collected Editions) #2)
2026-09-08 12:23:23,425-INFO-Page 45: Scraped Run, Spot, Run: The Ethics of Keeping Pets
2026-09-08 12:23:23,426-INFO-Page 45: Scraped New Moon (Twilight #2)
2026-09-08 12:23:23,427-INFO-Page 45: Scraped Life
2026-09-08 12:23:23,428-INFO-Page 45: Scraped Kindle Paperwhite User's Guide
2026-09-08 12:23:23,429-INFO-Page 45: Scraped H is for Hawk
2026-09-08 12:23:23,450-INFO-Page 45: Scraped Girl Online On Tour (Girl Online #2)
2026-09-08 12:23:24,947-INFO-Page 46: Scraped Fruits Basket, Vol. 2 (Fruits Basket #2)
2026-09-08 12:23:24,948-INFO-Page 46: Scraped Diary of a Minecraft Zombie Book 1: A Scare of a Dare (An Unofficial Minecraft Book)
2026-09-08 12:23:24,949-INFO-Page 46: Scraped Y: The Last Man, Vol. 1: Unmanned (Y: The Last Man #1)
2026-09-08 12:23:24,951-INFO-Page 46: Scraped While You Were Mine
2026-09-08 12:23:24,953-INFO-Page 46: Scraped Where Lightning Strikes (Bleeding Stars #3)
2026-09-08 12:23:24,954-INFO-Page 46: Scraped When I'm Gone
2026-09-08 12:23:24,956-INFO-Page 46: Scraped Ways of Seeing
2026-09-08 12:23:24,958-INFO-Page 46: Scraped Vampire Knight, Vol. 1 (Vampire Knight #1)
2026-09-08 12:23:24,962-INFO-Page 46: Scraped Vampire Girl (Vampire Girl #1)
2026-09-08 12:23:24,962-INFO-Page 46: Scraped Twenty Love Poems and a Song of Despair
2026-09-08 12:23:24,963-INFO-Page 46: Scraped Travels with Charley: In Search of America
2026-09-08 12:23:24,965-INFO-Page 46: Scraped Three Wishes (River of Time: California #1)
2026-09-08 12:23:24,966-INFO-Page 46: Scraped This One Moment (Pushing Limits #1)
2026-09-08 12:23:24,967-INFO-Page 46: Scraped The Zombie Room
2026-09-08 12:23:24,969-INFO-Page 46: Scraped The Wicked + The Divine, Vol. 1: The Faust Act (The Wicked + The Divine)
2026-09-08 12:23:24,970-INFO-Page 46: Scraped The Tumor
2026-09-08 12:23:24,970-INFO-Page 46: Scraped The Story of Hong Gildong
2026-09-08 12:23:24,972-INFO-Page 46: Scraped The Silent Wife
2026-09-08 12:23:24,977-INFO-Page 46: Scraped The Silent Twin (Detective Jennifer Knight #3)
2026-09-08 12:23:24,978-INFO-Page 46: Scraped The Selfish Gene
2026-09-08 12:23:26,498-INFO-Page 47: Scraped The Secret Healer
2026-09-08 12:23:26,500-INFO-Page 47: Scraped The Sandman, Vol. 1: Preludes and Nocturnes (The Sandman (volumes) #1)
2026-09-08 12:23:26,501-INFO-Page 47: Scraped The Republic
2026-09-08 12:23:26,502-INFO-Page 47: Scraped The Odyssey
2026-09-08 12:23:26,512-INFO-Page 47: Scraped The No. 1 Ladies' Detective Agency (No. 1 Ladies' Detective Agency #1)
2026-09-08 12:23:26,513-INFO-Page 47: Scraped The Nicomachean Ethics
2026-09-08 12:23:26,515-INFO-Page 47: Scraped The Name of the Wind (The Kingkiller Chronicle #1)
2026-09-08 12:23:26,516-INFO-Page 47: Scraped The Mirror & the Maze (The Wrath and the Dawn #1.5)
2026-09-08 12:23:26,519-INFO-Page 47: Scraped The Little Prince
2026-09-08 12:23:26,522-INFO-Page 47: Scraped The Light of the Fireflies
2026-09-08 12:23:26,528-INFO-Page 47: Scraped The Last Girl (The Dominion Trilogy #1)
2026-09-08 12:23:26,530-INFO-Page 47: Scraped The Iliad
2026-09-08 12:23:26,531-INFO-Page 47: Scraped The Hook Up (Game On #1)
2026-09-08 12:23:26,537-INFO-Page 47: Scraped The Haters
2026-09-08 12:23:26,545-INFO-Page 47: Scraped The Girl You Lost
2026-09-08 12:23:26,562-INFO-Page 47: Scraped The Girl In The Ice (DCI Erika Foster #1)
2026-09-08 12:23:26,564-INFO-Page 47: Scraped The End of the Jesus Era (An Investigation #1)
2026-09-08 12:23:26,566-INFO-Page 47: Scraped The Edge of Reason (Bridget Jones #2)
2026-09-08 12:23:26,567-INFO-Page 47: Scraped The Complete Maus (Maus #1-2)
2026-09-08 12:23:26,570-INFO-Page 47: Scraped The Communist Manifesto
2026-09-08 12:23:28,177-INFO-Page 48: Scraped The Bhagavad Gita
2026-09-08 12:23:28,178-INFO-Page 48: Scraped The Bette Davis Club
2026-09-08 12:23:28,179-INFO-Page 48: Scraped The Art of Not Breathing
2026-09-08 12:23:28,179-INFO-Page 48: Scraped Taking Shots (Assassins #1)
2026-09-08 12:23:28,180-INFO-Page 48: Scraped Starlark
2026-09-08 12:23:28,181-INFO-Page 48: Scraped Skip Beat!, Vol. 01 (Skip Beat! #1)
2026-09-08 12:23:28,182-INFO-Page 48: Scraped Sister Sable (The Mad Queen #1)
2026-09-08 12:23:28,185-INFO-Page 48: Scraped Shatter Me (Shatter Me #1)
2026-09-08 12:23:28,186-INFO-Page 48: Scraped Shameless
2026-09-08 12:23:28,187-INFO-Page 48: Scraped Shadow Rites (Jane Yellowrock #10)
2026-09-08 12:23:28,187-INFO-Page 48: Scraped Settling the Score (The Summer Games #1)
2026-09-08 12:23:28,188-INFO-Page 48: Scraped Sense and Sensibility
2026-09-08 12:23:28,190-INFO-Page 48: Scraped Saga, Volume 1 (Saga (Collected Editions) #1)
2026-09-08 12:23:28,193-INFO-Page 48: Scraped Rhythm, Chord & Malykhin
2026-09-08 12:23:28,194-INFO-Page 48: Scraped Rat Queens, Vol. 1: Sass & Sorcery (Rat Queens (Collected Editions) #1-5)
2026-09-08 12:23:28,195-INFO-Page 48: Scraped Paradise Lost (Paradise #1)
2026-09-08 12:23:28,196-INFO-Page 48: Scraped Paper Girls, Vol. 1 (Paper Girls #1-5)
2026-09-08 12:23:28,197-INFO-Page 48: Scraped Ouran High School Host Club, Vol. 1 (Ouran High School Host Club #1)
2026-09-08 12:23:28,198-INFO-Page 48: Scraped Origins (Alphas 0.5)
2026-09-08 12:23:28,200-INFO-Page 48: Scraped One Second (Seven #7)
2026-09-08 12:23:29,631-INFO-Page 49: Scraped On the Road (Duluoz Legend)
2026-09-08 12:23:29,632-INFO-Page 49: Scraped Old Records Never Die: One Man's Quest for His Vinyl and His Past
2026-09-08 12:23:29,633-INFO-Page 49: Scraped Off Sides (Off #1)
2026-09-08 12:23:29,634-INFO-Page 49: Scraped Of Mice and Men
2026-09-08 12:23:29,635-INFO-Page 49: Scraped Myriad (Prentor #1)
2026-09-08 12:23:29,638-INFO-Page 49: Scraped My Perfect Mistake (Over the Top #1)
2026-09-08 12:23:29,640-INFO-Page 49: Scraped Ms. Marvel, Vol. 1: No Normal (Ms. Marvel (2014-2015) #1)
2026-09-08 12:23:29,652-INFO-Page 49: Scraped Meditations
2026-09-08 12:23:29,655-INFO-Page 49: Scraped Matilda
2026-09-08 12:23:29,658-INFO-Page 49: Scraped Lost Among the Living
2026-09-08 12:23:29,661-INFO-Page 49: Scraped Lord of the Flies
2026-09-08 12:23:29,663-INFO-Page 49: Scraped Listen to Me (Fusion #1)
2026-09-08 12:23:29,678-INFO-Page 49: Scraped Kitchens of the Great Midwest
2026-09-08 12:23:29,681-INFO-Page 49: Scraped Jane Eyre
2026-09-08 12:23:29,695-INFO-Page 49: Scraped Imperfect Harmony
2026-09-08 12:23:29,698-INFO-Page 49: Scraped Icing (Aces Hockey #2)
2026-09-08 12:23:29,705-INFO-Page 49: Scraped Hawkeye, Vol. 1: My Life as a Weapon (Hawkeye #1)
2026-09-08 12:23:29,710-INFO-Page 49: Scraped Having the Barbarian's Baby (Ice Planet Barbarians #7.5)
2026-09-08 12:23:29,712-INFO-Page 49: Scraped Giant Days, Vol. 1 (Giant Days #1-4)
2026-09-08 12:23:29,716-INFO-Page 49: Scraped Fruits Basket, Vol. 1 (Fruits Basket #1)
2026-09-08 12:23:31,240-INFO-Page 50: Scraped Frankenstein
2026-09-08 12:23:31,242-INFO-Page 50: Scraped Forever Rockers (The Rocker #12)
2026-09-08 12:23:31,243-INFO-Page 50: Scraped Fighting Fate (Fighting #6)
2026-09-08 12:23:31,245-INFO-Page 50: Scraped Emma
2026-09-08 12:23:31,249-INFO-Page 50: Scraped Eat, Pray, Love
2026-09-08 12:23:31,256-INFO-Page 50: Scraped Deep Under (Walker Security #1)
2026-09-08 12:23:31,258-INFO-Page 50: Scraped Choosing Our Religion: The Spiritual Lives of America's Nones
2026-09-08 12:23:31,260-INFO-Page 50: Scraped Charlie and the Chocolate Factory (Charlie Bucket #1)
2026-09-08 12:23:31,261-INFO-Page 50: Scraped Charity's Cross (Charles Towne Belles #4)
2026-09-08 12:23:31,262-INFO-Page 50: Scraped Bright Lines
2026-09-08 12:23:31,263-INFO-Page 50: Scraped Bridget Jones's Diary (Bridget Jones #1)
2026-09-08 12:23:31,265-INFO-Page 50: Scraped Bounty (Colorado Mountain #7)
2026-09-08 12:23:31,272-INFO-Page 50: Scraped Blood Defense (Samantha Brinkman #1)
2026-09-08 12:23:31,274-INFO-Page 50: Scraped Bleach, Vol. 1: Strawberry and the Soul Reapers (Bleach #1)
2026-09-08 12:23:31,276-INFO-Page 50: Scraped Beyond Good and Evil
2026-09-08 12:23:31,277-INFO-Page 50: Scraped Alice in Wonderland (Alice's Adventures in Wonderland #1)
2026-09-08 12:23:31,279-INFO-Page 50: Scraped Ajin: Demi-Human, Volume 1 (Ajin: Demi-Human #1)
2026-09-08 12:23:31,280-INFO-Page 50: Scraped A Spy's Devotion (The Regency Spies of London #1)
2026-09-08 12:23:31,281-INFO-Page 50: Scraped 1st to Die (Women's Murder Club #1)
2026-09-08 12:23:31,282-INFO-Page 50: Scraped 1,000 Places to See Before You Die
